Archive member included to satisfy reference by file (symbol)

c:/program files (x86)/gnu tools arm embedded/5.3 2016q1/bin/../lib/gcc/arm-none-eabi/5.3.1/../../../../arm-none-eabi/lib/armv7e-m\libm.a(lib_a-s_sin.o)
                              ..\obj\sound.o (sin)
c:/program files (x86)/gnu tools arm embedded/5.3 2016q1/bin/../lib/gcc/arm-none-eabi/5.3.1/../../../../arm-none-eabi/lib/armv7e-m\libm.a(lib_a-e_rem_pio2.o)
                              c:/program files (x86)/gnu tools arm embedded/5.3 2016q1/bin/../lib/gcc/arm-none-eabi/5.3.1/../../../../arm-none-eabi/lib/armv7e-m\libm.a(lib_a-s_sin.o) (__ieee754_rem_pio2)
c:/program files (x86)/gnu tools arm embedded/5.3 2016q1/bin/../lib/gcc/arm-none-eabi/5.3.1/../../../../arm-none-eabi/lib/armv7e-m\libm.a(lib_a-k_cos.o)
                              c:/program files (x86)/gnu tools arm embedded/5.3 2016q1/bin/../lib/gcc/arm-none-eabi/5.3.1/../../../../arm-none-eabi/lib/armv7e-m\libm.a(lib_a-s_sin.o) (__kernel_cos)
c:/program files (x86)/gnu tools arm embedded/5.3 2016q1/bin/../lib/gcc/arm-none-eabi/5.3.1/../../../../arm-none-eabi/lib/armv7e-m\libm.a(lib_a-k_rem_pio2.o)
                              c:/program files (x86)/gnu tools arm embedded/5.3 2016q1/bin/../lib/gcc/arm-none-eabi/5.3.1/../../../../arm-none-eabi/lib/armv7e-m\libm.a(lib_a-e_rem_pio2.o) (__kernel_rem_pio2)
c:/program files (x86)/gnu tools arm embedded/5.3 2016q1/bin/../lib/gcc/arm-none-eabi/5.3.1/../../../../arm-none-eabi/lib/armv7e-m\libm.a(lib_a-k_sin.o)
                              c:/program files (x86)/gnu tools arm embedded/5.3 2016q1/bin/../lib/gcc/arm-none-eabi/5.3.1/../../../../arm-none-eabi/lib/armv7e-m\libm.a(lib_a-s_sin.o) (__kernel_sin)
c:/program files (x86)/gnu tools arm embedded/5.3 2016q1/bin/../lib/gcc/arm-none-eabi/5.3.1/../../../../arm-none-eabi/lib/armv7e-m\libm.a(lib_a-s_fabs.o)
                              c:/program files (x86)/gnu tools arm embedded/5.3 2016q1/bin/../lib/gcc/arm-none-eabi/5.3.1/../../../../arm-none-eabi/lib/armv7e-m\libm.a(lib_a-e_rem_pio2.o) (fabs)
c:/program files (x86)/gnu tools arm embedded/5.3 2016q1/bin/../lib/gcc/arm-none-eabi/5.3.1/../../../../arm-none-eabi/lib/armv7e-m\libm.a(lib_a-s_floor.o)
                              c:/program files (x86)/gnu tools arm embedded/5.3 2016q1/bin/../lib/gcc/arm-none-eabi/5.3.1/../../../../arm-none-eabi/lib/armv7e-m\libm.a(lib_a-k_rem_pio2.o) (floor)
c:/program files (x86)/gnu tools arm embedded/5.3 2016q1/bin/../lib/gcc/arm-none-eabi/5.3.1/../../../../arm-none-eabi/lib/armv7e-m\libm.a(lib_a-s_scalbn.o)
                              c:/program files (x86)/gnu tools arm embedded/5.3 2016q1/bin/../lib/gcc/arm-none-eabi/5.3.1/../../../../arm-none-eabi/lib/armv7e-m\libm.a(lib_a-k_rem_pio2.o) (scalbn)
c:/program files (x86)/gnu tools arm embedded/5.3 2016q1/bin/../lib/gcc/arm-none-eabi/5.3.1/../../../../arm-none-eabi/lib/armv7e-m\libm.a(lib_a-s_copysign.o)
                              c:/program files (x86)/gnu tools arm embedded/5.3 2016q1/bin/../lib/gcc/arm-none-eabi/5.3.1/../../../../arm-none-eabi/lib/armv7e-m\libm.a(lib_a-s_scalbn.o) (copysign)
c:/program files (x86)/gnu tools arm embedded/5.3 2016q1/bin/../lib/gcc/arm-none-eabi/5.3.1/armv7e-m\libgcc.a(_arm_addsubdf3.o)
                              c:/program files (x86)/gnu tools arm embedded/5.3 2016q1/bin/../lib/gcc/arm-none-eabi/5.3.1/../../../../arm-none-eabi/lib/armv7e-m\libm.a(lib_a-s_sin.o) (__aeabi_dsub)
c:/program files (x86)/gnu tools arm embedded/5.3 2016q1/bin/../lib/gcc/arm-none-eabi/5.3.1/armv7e-m\libgcc.a(_arm_muldivdf3.o)
                              ..\obj\sound.o (__aeabi_dmul)
c:/program files (x86)/gnu tools arm embedded/5.3 2016q1/bin/../lib/gcc/arm-none-eabi/5.3.1/armv7e-m\libgcc.a(_arm_cmpdf2.o)
                              c:/program files (x86)/gnu tools arm embedded/5.3 2016q1/bin/../lib/gcc/arm-none-eabi/5.3.1/../../../../arm-none-eabi/lib/armv7e-m\libm.a(lib_a-e_rem_pio2.o) (__aeabi_dcmpeq)
c:/program files (x86)/gnu tools arm embedded/5.3 2016q1/bin/../lib/gcc/arm-none-eabi/5.3.1/armv7e-m\libgcc.a(_arm_fixdfsi.o)
                              c:/program files (x86)/gnu tools arm embedded/5.3 2016q1/bin/../lib/gcc/arm-none-eabi/5.3.1/../../../../arm-none-eabi/lib/armv7e-m\libm.a(lib_a-e_rem_pio2.o) (__aeabi_d2iz)
c:/program files (x86)/gnu tools arm embedded/5.3 2016q1/bin/../lib/gcc/arm-none-eabi/5.3.1/armv7e-m\libgcc.a(_arm_fixunsdfsi.o)
                              ..\obj\sound.o (__aeabi_d2uiz)
c:/program files (x86)/gnu tools arm embedded/5.3 2016q1/bin/../lib/gcc/arm-none-eabi/5.3.1/armv7e-m\libgcc.a(_arm_addsubsf3.o)
                              ..\obj\sound.o (__aeabi_fsub)
c:/program files (x86)/gnu tools arm embedded/5.3 2016q1/bin/../lib/gcc/arm-none-eabi/5.3.1/armv7e-m\libgcc.a(_arm_cmpsf2.o)
                              ..\obj\sound.o (__aeabi_fcmpeq)
c:/program files (x86)/gnu tools arm embedded/5.3 2016q1/bin/../lib/gcc/arm-none-eabi/5.3.1/../../../../arm-none-eabi/lib/armv7e-m\libc.a(lib_a-itoa.o)
                              ..\obj\display.o (itoa)
c:/program files (x86)/gnu tools arm embedded/5.3 2016q1/bin/../lib/gcc/arm-none-eabi/5.3.1/../../../../arm-none-eabi/lib/armv7e-m\libc.a(lib_a-utoa.o)
                              c:/program files (x86)/gnu tools arm embedded/5.3 2016q1/bin/../lib/gcc/arm-none-eabi/5.3.1/../../../../arm-none-eabi/lib/armv7e-m\libc.a(lib_a-itoa.o) (__utoa)

Allocating common symbols
Common symbol       size              file

PCD8544_y           0x1               ..\obj\tm_stm32f4_pcd8544.o
PCD8544_x           0x1               ..\obj\tm_stm32f4_pcd8544.o
PCD8544_Buffer      0x1f8             ..\obj\tm_stm32f4_pcd8544.o
RTC_TimeStruct      0x4               ..\obj\tm_stm32f4_rtc.o
RTC_InitStruct      0xc               ..\obj\tm_stm32f4_rtc.o
RTC_DateStruct      0x4               ..\obj\tm_stm32f4_rtc.o
datatime            0x10              ..\obj\main.o
NVIC_InitStruct     0x4               ..\obj\tm_stm32f4_rtc.o
EXTI_InitStruct     0x8               ..\obj\tm_stm32f4_rtc.o

Discarded input sections

 .text          0x00000000        0x0 ..\obj\stm32f4xx_syscfg.o
 .data          0x00000000        0x0 ..\obj\stm32f4xx_syscfg.o
 .bss           0x00000000        0x0 ..\obj\stm32f4xx_syscfg.o
 .text.SYSCFG_DeInit
                0x00000000       0x1c ..\obj\stm32f4xx_syscfg.o
 .text.SYSCFG_MemoryRemapConfig
                0x00000000       0x20 ..\obj\stm32f4xx_syscfg.o
 .text.SYSCFG_ETH_MediaInterfaceConfig
                0x00000000       0x1c ..\obj\stm32f4xx_syscfg.o
 .text.SYSCFG_CompensationCellCmd
                0x00000000       0x20 ..\obj\stm32f4xx_syscfg.o
 .text.SYSCFG_GetCompensationCellStatus
                0x00000000       0x30 ..\obj\stm32f4xx_syscfg.o
 .text          0x00000000        0x0 ..\obj\sound.o
 .text.Delay    0x00000000       0x20 ..\obj\sound.o
 .text          0x00000000        0x0 ..\obj\stm32f4xx_pwr.o
 .data          0x00000000        0x0 ..\obj\stm32f4xx_pwr.o
 .bss           0x00000000        0x0 ..\obj\stm32f4xx_pwr.o
 .text.PWR_DeInit
                0x00000000       0x1c ..\obj\stm32f4xx_pwr.o
 .text.PWR_PVDLevelConfig
                0x00000000       0x38 ..\obj\stm32f4xx_pwr.o
 .text.PWR_PVDCmd
                0x00000000       0x20 ..\obj\stm32f4xx_pwr.o
 .text.PWR_WakeUpPinCmd
                0x00000000       0x20 ..\obj\stm32f4xx_pwr.o
 .text.PWR_BackupRegulatorCmd
                0x00000000       0x20 ..\obj\stm32f4xx_pwr.o
 .text.PWR_MainRegulatorModeConfig
                0x00000000       0x38 ..\obj\stm32f4xx_pwr.o
 .text.PWR_FlashPowerDownCmd
                0x00000000       0x20 ..\obj\stm32f4xx_pwr.o
 .text.PWR_EnterSTOPMode
                0x00000000       0x64 ..\obj\stm32f4xx_pwr.o
 .text.PWR_EnterSTANDBYMode
                0x00000000       0x3c ..\obj\stm32f4xx_pwr.o
 .text.PWR_GetFlagStatus
                0x00000000       0x34 ..\obj\stm32f4xx_pwr.o
 .text.PWR_ClearFlag
                0x00000000       0x24 ..\obj\stm32f4xx_pwr.o
 .text          0x00000000        0x0 ..\obj\stm32f4xx_dac.o
 .data          0x00000000        0x0 ..\obj\stm32f4xx_dac.o
 .bss           0x00000000        0x0 ..\obj\stm32f4xx_dac.o
 .text.DAC_DeInit
                0x00000000       0x1c ..\obj\stm32f4xx_dac.o
 .text.DAC_StructInit
                0x00000000       0x2c ..\obj\stm32f4xx_dac.o
 .text.DAC_SoftwareTriggerCmd
                0x00000000       0x4c ..\obj\stm32f4xx_dac.o
 .text.DAC_DualSoftwareTriggerCmd
                0x00000000       0x38 ..\obj\stm32f4xx_dac.o
 .text.DAC_WaveGenerationCmd
                0x00000000       0x4c ..\obj\stm32f4xx_dac.o
 .text.DAC_SetChannel2Data
                0x00000000       0x34 ..\obj\stm32f4xx_dac.o
 .text.DAC_SetDualChannelData
                0x00000000       0x58 ..\obj\stm32f4xx_dac.o
 .text.DAC_GetDataOutputValue
                0x00000000       0x30 ..\obj\stm32f4xx_dac.o
 .text.DAC_DMACmd
                0x00000000       0x4c ..\obj\stm32f4xx_dac.o
 .text.DAC_ITConfig
                0x00000000       0x4c ..\obj\stm32f4xx_dac.o
 .text.DAC_GetFlagStatus
                0x00000000       0x3c ..\obj\stm32f4xx_dac.o
 .text.DAC_ClearFlag
                0x00000000       0x24 ..\obj\stm32f4xx_dac.o
 .text.DAC_GetITStatus
                0x00000000       0x54 ..\obj\stm32f4xx_dac.o
 .text.DAC_ClearITPendingBit
                0x00000000       0x24 ..\obj\stm32f4xx_dac.o
 .text          0x00000000        0x0 ..\obj\startup_stm32f4xx.o
 .data          0x00000000        0x0 ..\obj\startup_stm32f4xx.o
 .bss           0x00000000        0x0 ..\obj\startup_stm32f4xx.o
 .text          0x00000000        0x0 ..\obj\main.o
 .data          0x00000000        0x0 ..\obj\main.o
 .bss           0x00000000        0x0 ..\obj\main.o
 .text          0x00000000        0x0 ..\obj\stm32f4xx_rcc.o
 .data          0x00000000       0x10 ..\obj\stm32f4xx_rcc.o
 .bss           0x00000000        0x0 ..\obj\stm32f4xx_rcc.o
 .text.RCC_DeInit
                0x00000000       0x50 ..\obj\stm32f4xx_rcc.o
 .text.RCC_HSEConfig
                0x00000000       0x24 ..\obj\stm32f4xx_rcc.o
 .text.RCC_WaitForHSEStartUp
                0x00000000       0x50 ..\obj\stm32f4xx_rcc.o
 .text.RCC_AdjustHSICalibrationValue
                0x00000000       0x3c ..\obj\stm32f4xx_rcc.o
 .text.RCC_HSICmd
                0x00000000       0x20 ..\obj\stm32f4xx_rcc.o
 .text.RCC_PLLConfig
                0x00000000       0x3c ..\obj\stm32f4xx_rcc.o
 .text.RCC_PLLCmd
                0x00000000       0x20 ..\obj\stm32f4xx_rcc.o
 .text.RCC_PLLI2SConfig
                0x00000000       0x28 ..\obj\stm32f4xx_rcc.o
 .text.RCC_PLLI2SCmd
                0x00000000       0x20 ..\obj\stm32f4xx_rcc.o
 .text.RCC_ClockSecuritySystemCmd
                0x00000000       0x20 ..\obj\stm32f4xx_rcc.o
 .text.RCC_MCO1Config
                0x00000000       0x3c ..\obj\stm32f4xx_rcc.o
 .text.RCC_MCO2Config
                0x00000000       0x3c ..\obj\stm32f4xx_rcc.o
 .text.RCC_SYSCLKConfig
                0x00000000       0x38 ..\obj\stm32f4xx_rcc.o
 .text.RCC_GetSYSCLKSource
                0x00000000       0x1c ..\obj\stm32f4xx_rcc.o
 .text.RCC_HCLKConfig
                0x00000000       0x38 ..\obj\stm32f4xx_rcc.o
 .text.RCC_PCLK1Config
                0x00000000       0x38 ..\obj\stm32f4xx_rcc.o
 .text.RCC_PCLK2Config
                0x00000000       0x38 ..\obj\stm32f4xx_rcc.o
 .text.RCC_GetClocksFreq
                0x00000000      0x154 ..\obj\stm32f4xx_rcc.o
 .text.RCC_BackupResetCmd
                0x00000000       0x20 ..\obj\stm32f4xx_rcc.o
 .text.RCC_I2SCLKConfig
                0x00000000       0x1c ..\obj\stm32f4xx_rcc.o
 .text.RCC_AHB2PeriphClockCmd
                0x00000000       0x3c ..\obj\stm32f4xx_rcc.o
 .text.RCC_AHB3PeriphClockCmd
                0x00000000       0x3c ..\obj\stm32f4xx_rcc.o
 .text.RCC_AHB1PeriphResetCmd
                0x00000000       0x3c ..\obj\stm32f4xx_rcc.o
 .text.RCC_AHB2PeriphResetCmd
                0x00000000       0x3c ..\obj\stm32f4xx_rcc.o
 .text.RCC_AHB3PeriphResetCmd
                0x00000000       0x3c ..\obj\stm32f4xx_rcc.o
 .text.RCC_APB1PeriphResetCmd
                0x00000000       0x3c ..\obj\stm32f4xx_rcc.o
 .text.RCC_APB2PeriphResetCmd
                0x00000000       0x3c ..\obj\stm32f4xx_rcc.o
 .text.RCC_AHB1PeriphClockLPModeCmd
                0x00000000       0x3c ..\obj\stm32f4xx_rcc.o
 .text.RCC_AHB2PeriphClockLPModeCmd
                0x00000000       0x3c ..\obj\stm32f4xx_rcc.o
 .text.RCC_AHB3PeriphClockLPModeCmd
                0x00000000       0x3c ..\obj\stm32f4xx_rcc.o
 .text.RCC_APB1PeriphClockLPModeCmd
                0x00000000       0x3c ..\obj\stm32f4xx_rcc.o
 .text.RCC_APB2PeriphClockLPModeCmd
                0x00000000       0x3c ..\obj\stm32f4xx_rcc.o
 .text.RCC_ITConfig
                0x00000000       0x4c ..\obj\stm32f4xx_rcc.o
 .text.RCC_ClearFlag
                0x00000000       0x1c ..\obj\stm32f4xx_rcc.o
 .text.RCC_GetITStatus
                0x00000000       0x34 ..\obj\stm32f4xx_rcc.o
 .text.RCC_ClearITPendingBit
                0x00000000       0x20 ..\obj\stm32f4xx_rcc.o
 .text          0x00000000        0x0 ..\obj\display.o
 .data          0x00000000        0x0 ..\obj\display.o
 .bss           0x00000000        0x0 ..\obj\display.o
 .text          0x00000000        0x0 ..\obj\tm_stm32f4_spi.o
 .data          0x00000000        0x0 ..\obj\tm_stm32f4_spi.o
 .bss           0x00000000        0x0 ..\obj\tm_stm32f4_spi.o
 .text.TM_SPI_InitWithMode
                0x00000000       0x80 ..\obj\tm_stm32f4_spi.o
 .text.TM_SPI_InitFull
                0x00000000       0x88 ..\obj\tm_stm32f4_spi.o
 .text.TM_SPI_GetPrescalerFromMaxFrequency
                0x00000000       0x68 ..\obj\tm_stm32f4_spi.o
 .text.TM_SPI_SendMulti
                0x00000000       0x68 ..\obj\tm_stm32f4_spi.o
 .text.TM_SPI_WriteMulti
                0x00000000       0x5c ..\obj\tm_stm32f4_spi.o
 .text.TM_SPI_ReadMulti
                0x00000000       0x6c ..\obj\tm_stm32f4_spi.o
 .text.TM_SPI_Send16
                0x00000000       0x34 ..\obj\tm_stm32f4_spi.o
 .text.TM_SPI_SendMulti16
                0x00000000       0x68 ..\obj\tm_stm32f4_spi.o
 .text.TM_SPI_WriteMulti16
                0x00000000       0x5c ..\obj\tm_stm32f4_spi.o
 .text.TM_SPI_ReadMulti16
                0x00000000       0x68 ..\obj\tm_stm32f4_spi.o
 .text          0x00000000        0x0 ..\obj\stm32f4xx_gpio.o
 .data          0x00000000        0x0 ..\obj\stm32f4xx_gpio.o
 .bss           0x00000000        0x0 ..\obj\stm32f4xx_gpio.o
 .text.GPIO_DeInit
                0x00000000      0x120 ..\obj\stm32f4xx_gpio.o
 .text.GPIO_StructInit
                0x00000000       0x34 ..\obj\stm32f4xx_gpio.o
 .text.GPIO_PinLockConfig
                0x00000000       0x44 ..\obj\stm32f4xx_gpio.o
 .text.GPIO_ReadInputDataBit
                0x00000000       0x34 ..\obj\stm32f4xx_gpio.o
 .text.GPIO_ReadInputData
                0x00000000       0x18 ..\obj\stm32f4xx_gpio.o
 .text.GPIO_ReadOutputDataBit
                0x00000000       0x34 ..\obj\stm32f4xx_gpio.o
 .text.GPIO_ReadOutputData
                0x00000000       0x18 ..\obj\stm32f4xx_gpio.o
 .text.GPIO_WriteBit
                0x00000000       0x30 ..\obj\stm32f4xx_gpio.o
 .text.GPIO_Write
                0x00000000       0x1c ..\obj\stm32f4xx_gpio.o
 .text.GPIO_PinAFConfig
                0x00000000       0x90 ..\obj\stm32f4xx_gpio.o
 .text          0x00000000        0x0 ..\obj\system_stm32f4xx.o
 .bss           0x00000000        0x0 ..\obj\system_stm32f4xx.o
 .text          0x00000000        0x0 ..\obj\syscalls.o
 .data          0x00000000        0x0 ..\obj\syscalls.o
 .bss           0x00000000        0x4 ..\obj\syscalls.o
 .text._sbrk    0x00000000       0x3c ..\obj\syscalls.o
 .text.link     0x00000000       0x18 ..\obj\syscalls.o
 .text._close   0x00000000       0x18 ..\obj\syscalls.o
 .text._fstat   0x00000000       0x20 ..\obj\syscalls.o
 .text._isatty  0x00000000       0x14 ..\obj\syscalls.o
 .text._lseek   0x00000000       0x18 ..\obj\syscalls.o
 .text._read    0x00000000       0x18 ..\obj\syscalls.o
 .text._write   0x00000000       0x18 ..\obj\syscalls.o
 .text.abort    0x00000000        0x8 ..\obj\syscalls.o
 .debug_info    0x00000000      0x3f5 ..\obj\syscalls.o
 .debug_abbrev  0x00000000       0xe5 ..\obj\syscalls.o
 .debug_aranges
                0x00000000       0x60 ..\obj\syscalls.o
 .debug_ranges  0x00000000       0x50 ..\obj\syscalls.o
 .debug_line    0x00000000      0x193 ..\obj\syscalls.o
 .debug_str     0x00000000      0x2f6 ..\obj\syscalls.o
 .comment       0x00000000       0x6f ..\obj\syscalls.o
 .debug_frame   0x00000000      0x168 ..\obj\syscalls.o
 .ARM.attributes
                0x00000000       0x33 ..\obj\syscalls.o
 .text          0x00000000        0x0 ..\obj\tm_stm32f4_rtc.o
 .text.TM_RTC_SetDateTimeString
                0x00000000      0x21c ..\obj\tm_stm32f4_rtc.o
 .text.TM_RTC_GetDaysInMonth
                0x00000000       0x94 ..\obj\tm_stm32f4_rtc.o
 .text.TM_RTC_GetDaysInYear
                0x00000000       0x6c ..\obj\tm_stm32f4_rtc.o
 .text.TM_RTC_GetDateTimeFromUnix
                0x00000000      0x20c ..\obj\tm_stm32f4_rtc.o
 .text.TM_RTC_SetAlarm
                0x00000000       0xf8 ..\obj\tm_stm32f4_rtc.o
 .text.TM_RTC_DisableAlarm
                0x00000000       0xac ..\obj\tm_stm32f4_rtc.o
 .text.TM_RTC_WriteBackupRegister
                0x00000000       0x30 ..\obj\tm_stm32f4_rtc.o
 .text.TM_RTC_ReadBackupRegister
                0x00000000       0x30 ..\obj\tm_stm32f4_rtc.o
 .text.TM_RTC_RequestHandler
                0x00000000        0xc ..\obj\tm_stm32f4_rtc.o
 .text          0x00000000        0x0 ..\obj\stm32f4xx_spi.o
 .data          0x00000000        0x0 ..\obj\stm32f4xx_spi.o
 .bss           0x00000000        0x0 ..\obj\stm32f4xx_spi.o
 .text.SPI_I2S_DeInit
                0x00000000       0x74 ..\obj\stm32f4xx_spi.o
 .text.I2S_Init
                0x00000000      0x1b4 ..\obj\stm32f4xx_spi.o
 .text.I2S_StructInit
                0x00000000       0x38 ..\obj\stm32f4xx_spi.o
 .text.SPI_Cmd  0x00000000       0x40 ..\obj\stm32f4xx_spi.o
 .text.I2S_Cmd  0x00000000       0x40 ..\obj\stm32f4xx_spi.o
 .text.SPI_DataSizeConfig
                0x00000000       0x38 ..\obj\stm32f4xx_spi.o
 .text.SPI_BiDirectionalLineConfig
                0x00000000       0x40 ..\obj\stm32f4xx_spi.o
 .text.SPI_NSSInternalSoftwareConfig
                0x00000000       0x44 ..\obj\stm32f4xx_spi.o
 .text.SPI_SSOutputCmd
                0x00000000       0x40 ..\obj\stm32f4xx_spi.o
 .text.SPI_TIModeCmd
                0x00000000       0x40 ..\obj\stm32f4xx_spi.o
 .text.I2S_FullDuplexConfig
                0x00000000       0x9c ..\obj\stm32f4xx_spi.o
 .text.SPI_I2S_ReceiveData
                0x00000000       0x18 ..\obj\stm32f4xx_spi.o
 .text.SPI_I2S_SendData
                0x00000000       0x1c ..\obj\stm32f4xx_spi.o
 .text.SPI_CalculateCRC
                0x00000000       0x40 ..\obj\stm32f4xx_spi.o
 .text.SPI_TransmitCRC
                0x00000000       0x24 ..\obj\stm32f4xx_spi.o
 .text.SPI_GetCRC
                0x00000000       0x30 ..\obj\stm32f4xx_spi.o
 .text.SPI_GetCRCPolynomial
                0x00000000       0x18 ..\obj\stm32f4xx_spi.o
 .text.SPI_I2S_DMACmd
                0x00000000       0x48 ..\obj\stm32f4xx_spi.o
 .text.SPI_I2S_ITConfig
                0x00000000       0x60 ..\obj\stm32f4xx_spi.o
 .text.SPI_I2S_GetFlagStatus
                0x00000000       0x38 ..\obj\stm32f4xx_spi.o
 .text.SPI_I2S_ClearFlag
                0x00000000       0x20 ..\obj\stm32f4xx_spi.o
 .text.SPI_I2S_GetITStatus
                0x00000000       0x74 ..\obj\stm32f4xx_spi.o
 .text.SPI_I2S_ClearITPendingBit
                0x00000000       0x34 ..\obj\stm32f4xx_spi.o
 .text          0x00000000        0x0 ..\obj\stm32f4xx_exti.o
 .data          0x00000000        0x0 ..\obj\stm32f4xx_exti.o
 .bss           0x00000000        0x0 ..\obj\stm32f4xx_exti.o
 .text.EXTI_DeInit
                0x00000000       0x34 ..\obj\stm32f4xx_exti.o
 .text.EXTI_StructInit
                0x00000000       0x2c ..\obj\stm32f4xx_exti.o
 .text.EXTI_GenerateSWInterrupt
                0x00000000       0x24 ..\obj\stm32f4xx_exti.o
 .text.EXTI_GetFlagStatus
                0x00000000       0x34 ..\obj\stm32f4xx_exti.o
 .text.EXTI_ClearFlag
                0x00000000       0x1c ..\obj\stm32f4xx_exti.o
 .text          0x00000000        0x0 ..\obj\config_button.o
 .text          0x00000000        0x0 ..\obj\misc.o
 .data          0x00000000        0x0 ..\obj\misc.o
 .bss           0x00000000        0x0 ..\obj\misc.o
 .text.NVIC_PriorityGroupConfig
                0x00000000       0x24 ..\obj\misc.o
 .text.NVIC_SetVectorTable
                0x00000000       0x2c ..\obj\misc.o
 .text.NVIC_SystemLPConfig
                0x00000000       0x40 ..\obj\misc.o
 .text.SysTick_CLKSourceConfig
                0x00000000       0x38 ..\obj\misc.o
 .text          0x00000000        0x0 ..\obj\tm_stm32f4_gpio.o
 .data          0x00000000        0x0 ..\obj\tm_stm32f4_gpio.o
 .bss           0x00000000        0x0 ..\obj\tm_stm32f4_gpio.o
 .text.TM_GPIO_Init
                0x00000000       0x48 ..\obj\tm_stm32f4_gpio.o
 .text.TM_GPIO_DeInit
                0x00000000       0x4c ..\obj\tm_stm32f4_gpio.o
 .text.TM_GPIO_SetPinAsInput
                0x00000000       0x50 ..\obj\tm_stm32f4_gpio.o
 .text.TM_GPIO_SetPinAsOutput
                0x00000000       0x5c ..\obj\tm_stm32f4_gpio.o
 .text.TM_GPIO_SetPinAsAnalog
                0x00000000       0x4c ..\obj\tm_stm32f4_gpio.o
 .text.TM_GPIO_GetPortSource
                0x00000000       0xac ..\obj\tm_stm32f4_gpio.o
 .text.TM_GPIO_GetPinSource
                0x00000000       0x30 ..\obj\tm_stm32f4_gpio.o
 .text.TM_GPIO_INT_DisableClock
                0x00000000       0xf0 ..\obj\tm_stm32f4_gpio.o
 .text          0x00000000        0x0 ..\obj\stm32f4xx_rtc.o
 .data          0x00000000        0x0 ..\obj\stm32f4xx_rtc.o
 .bss           0x00000000        0x0 ..\obj\stm32f4xx_rtc.o
 .text.RTC_DeInit
                0x00000000       0xdc ..\obj\stm32f4xx_rtc.o
 .text.RTC_StructInit
                0x00000000       0x24 ..\obj\stm32f4xx_rtc.o
 .text.RTC_RefClockCmd
                0x00000000       0x68 ..\obj\stm32f4xx_rtc.o
 .text.RTC_BypassShadowCmd
                0x00000000       0x4c ..\obj\stm32f4xx_rtc.o
 .text.RTC_TimeStructInit
                0x00000000       0x2c ..\obj\stm32f4xx_rtc.o
 .text.RTC_GetSubSecond
                0x00000000       0x24 ..\obj\stm32f4xx_rtc.o
 .text.RTC_DateStructInit
                0x00000000       0x2c ..\obj\stm32f4xx_rtc.o
 .text.RTC_SetAlarm
                0x00000000      0x138 ..\obj\stm32f4xx_rtc.o
 .text.RTC_AlarmStructInit
                0x00000000       0x3c ..\obj\stm32f4xx_rtc.o
 .text.RTC_GetAlarm
                0x00000000       0xe4 ..\obj\stm32f4xx_rtc.o
 .text.RTC_AlarmCmd
                0x00000000       0x98 ..\obj\stm32f4xx_rtc.o
 .text.RTC_AlarmSubSecondConfig
                0x00000000       0x50 ..\obj\stm32f4xx_rtc.o
 .text.RTC_GetAlarmSubSecond
                0x00000000       0x3c ..\obj\stm32f4xx_rtc.o
 .text.RTC_GetWakeUpCounter
                0x00000000       0x18 ..\obj\stm32f4xx_rtc.o
 .text.RTC_DayLightSavingConfig
                0x00000000       0x48 ..\obj\stm32f4xx_rtc.o
 .text.RTC_GetStoreOperation
                0x00000000       0x18 ..\obj\stm32f4xx_rtc.o
 .text.RTC_OutputConfig
                0x00000000       0x48 ..\obj\stm32f4xx_rtc.o
 .text.RTC_CoarseCalibConfig
                0x00000000       0x50 ..\obj\stm32f4xx_rtc.o
 .text.RTC_CoarseCalibCmd
                0x00000000       0x68 ..\obj\stm32f4xx_rtc.o
 .text.RTC_CalibOutputCmd
                0x00000000       0x4c ..\obj\stm32f4xx_rtc.o
 .text.RTC_CalibOutputConfig
                0x00000000       0x40 ..\obj\stm32f4xx_rtc.o
 .text.RTC_SmoothCalibConfig
                0x00000000       0x84 ..\obj\stm32f4xx_rtc.o
 .text.RTC_TimeStampCmd
                0x00000000       0x60 ..\obj\stm32f4xx_rtc.o
 .text.RTC_GetTimeStamp
                0x00000000      0x120 ..\obj\stm32f4xx_rtc.o
 .text.RTC_GetTimeStampSubSecond
                0x00000000       0x14 ..\obj\stm32f4xx_rtc.o
 .text.RTC_TamperTriggerConfig
                0x00000000       0x40 ..\obj\stm32f4xx_rtc.o
 .text.RTC_TamperCmd
                0x00000000       0x3c ..\obj\stm32f4xx_rtc.o
 .text.RTC_TamperFilterConfig
                0x00000000       0x30 ..\obj\stm32f4xx_rtc.o
 .text.RTC_TamperSamplingFreqConfig
                0x00000000       0x30 ..\obj\stm32f4xx_rtc.o
 .text.RTC_TamperPinsPrechargeDuration
                0x00000000       0x30 ..\obj\stm32f4xx_rtc.o
 .text.RTC_TimeStampOnTamperDetectionCmd
                0x00000000       0x38 ..\obj\stm32f4xx_rtc.o
 .text.RTC_TamperPullUpCmd
                0x00000000       0x38 ..\obj\stm32f4xx_rtc.o
 .text.RTC_TamperPinSelection
                0x00000000       0x30 ..\obj\stm32f4xx_rtc.o
 .text.RTC_TimeStampPinSelection
                0x00000000       0x30 ..\obj\stm32f4xx_rtc.o
 .text.RTC_OutputTypeConfig
                0x00000000       0x30 ..\obj\stm32f4xx_rtc.o
 .text.RTC_SynchroShiftConfig
                0x00000000       0x9c ..\obj\stm32f4xx_rtc.o
 .text.RTC_GetFlagStatus
                0x00000000       0x40 ..\obj\stm32f4xx_rtc.o
 .text.RTC_ClearFlag
                0x00000000       0x30 ..\obj\stm32f4xx_rtc.o
 .text          0x00000000        0x0 ..\obj\stm32f4xx_tim.o
 .data          0x00000000        0x0 ..\obj\stm32f4xx_tim.o
 .bss           0x00000000        0x0 ..\obj\stm32f4xx_tim.o
 .text.TIM_DeInit
                0x00000000      0x1c0 ..\obj\stm32f4xx_tim.o
 .text.TIM_TimeBaseStructInit
                0x00000000       0x34 ..\obj\stm32f4xx_tim.o
 .text.TIM_PrescalerConfig
                0x00000000       0x28 ..\obj\stm32f4xx_tim.o
 .text.TIM_CounterModeConfig
                0x00000000       0x38 ..\obj\stm32f4xx_tim.o
 .text.TIM_SetCounter
                0x00000000       0x1c ..\obj\stm32f4xx_tim.o
 .text.TIM_SetAutoreload
                0x00000000       0x1c ..\obj\stm32f4xx_tim.o
 .text.TIM_GetCounter
                0x00000000       0x18 ..\obj\stm32f4xx_tim.o
 .text.TIM_GetPrescaler
                0x00000000       0x18 ..\obj\stm32f4xx_tim.o
 .text.TIM_UpdateDisableConfig
                0x00000000       0x40 ..\obj\stm32f4xx_tim.o
 .text.TIM_UpdateRequestConfig
                0x00000000       0x40 ..\obj\stm32f4xx_tim.o
 .text.TIM_ARRPreloadConfig
                0x00000000       0x40 ..\obj\stm32f4xx_tim.o
 .text.TIM_SelectOnePulseMode
                0x00000000       0x38 ..\obj\stm32f4xx_tim.o
 .text.TIM_SetClockDivision
                0x00000000       0x38 ..\obj\stm32f4xx_tim.o
 .text.TIM_OC1Init
                0x00000000       0xf4 ..\obj\stm32f4xx_tim.o
 .text.TIM_OC2Init
                0x00000000      0x110 ..\obj\stm32f4xx_tim.o
 .text.TIM_OC3Init
                0x00000000      0x10c ..\obj\stm32f4xx_tim.o
 .text.TIM_OC4Init
                0x00000000       0xcc ..\obj\stm32f4xx_tim.o
 .text.TIM_OCStructInit
                0x00000000       0x44 ..\obj\stm32f4xx_tim.o
 .text.TIM_SelectOCxM
                0x00000000       0xb0 ..\obj\stm32f4xx_tim.o
 .text.TIM_SetCompare1
                0x00000000       0x1c ..\obj\stm32f4xx_tim.o
 .text.TIM_SetCompare2
                0x00000000       0x1c ..\obj\stm32f4xx_tim.o
 .text.TIM_SetCompare3
                0x00000000       0x1c ..\obj\stm32f4xx_tim.o
 .text.TIM_SetCompare4
                0x00000000       0x1c ..\obj\stm32f4xx_tim.o
 .text.TIM_ForcedOC1Config
                0x00000000       0x38 ..\obj\stm32f4xx_tim.o
 .text.TIM_ForcedOC2Config
                0x00000000       0x3c ..\obj\stm32f4xx_tim.o
 .text.TIM_ForcedOC3Config
                0x00000000       0x38 ..\obj\stm32f4xx_tim.o
 .text.TIM_ForcedOC4Config
                0x00000000       0x3c ..\obj\stm32f4xx_tim.o
 .text.TIM_OC1PreloadConfig
                0x00000000       0x38 ..\obj\stm32f4xx_tim.o
 .text.TIM_OC2PreloadConfig
                0x00000000       0x3c ..\obj\stm32f4xx_tim.o
 .text.TIM_OC3PreloadConfig
                0x00000000       0x38 ..\obj\stm32f4xx_tim.o
 .text.TIM_OC4PreloadConfig
                0x00000000       0x3c ..\obj\stm32f4xx_tim.o
 .text.TIM_OC1FastConfig
                0x00000000       0x38 ..\obj\stm32f4xx_tim.o
 .text.TIM_OC2FastConfig
                0x00000000       0x3c ..\obj\stm32f4xx_tim.o
 .text.TIM_OC3FastConfig
                0x00000000       0x38 ..\obj\stm32f4xx_tim.o
 .text.TIM_OC4FastConfig
                0x00000000       0x3c ..\obj\stm32f4xx_tim.o
 .text.TIM_ClearOC1Ref
                0x00000000       0x38 ..\obj\stm32f4xx_tim.o
 .text.TIM_ClearOC2Ref
                0x00000000       0x3c ..\obj\stm32f4xx_tim.o
 .text.TIM_ClearOC3Ref
                0x00000000       0x38 ..\obj\stm32f4xx_tim.o
 .text.TIM_ClearOC4Ref
                0x00000000       0x3c ..\obj\stm32f4xx_tim.o
 .text.TIM_OC1PolarityConfig
                0x00000000       0x38 ..\obj\stm32f4xx_tim.o
 .text.TIM_OC1NPolarityConfig
                0x00000000       0x38 ..\obj\stm32f4xx_tim.o
 .text.TIM_OC2PolarityConfig
                0x00000000       0x3c ..\obj\stm32f4xx_tim.o
 .text.TIM_OC2NPolarityConfig
                0x00000000       0x3c ..\obj\stm32f4xx_tim.o
 .text.TIM_OC3PolarityConfig
                0x00000000       0x3c ..\obj\stm32f4xx_tim.o
 .text.TIM_OC3NPolarityConfig
                0x00000000       0x3c ..\obj\stm32f4xx_tim.o
 .text.TIM_OC4PolarityConfig
                0x00000000       0x3c ..\obj\stm32f4xx_tim.o
 .text.TIM_CCxCmd
                0x00000000       0x58 ..\obj\stm32f4xx_tim.o
 .text.TIM_CCxNCmd
                0x00000000       0x58 ..\obj\stm32f4xx_tim.o
 .text.TIM_ICInit
                0x00000000       0xa8 ..\obj\stm32f4xx_tim.o
 .text.TIM_ICStructInit
                0x00000000       0x30 ..\obj\stm32f4xx_tim.o
 .text.TIM_PWMIConfig
                0x00000000       0xb8 ..\obj\stm32f4xx_tim.o
 .text.TIM_GetCapture1
                0x00000000       0x18 ..\obj\stm32f4xx_tim.o
 .text.TIM_GetCapture2
                0x00000000       0x18 ..\obj\stm32f4xx_tim.o
 .text.TIM_GetCapture3
                0x00000000       0x18 ..\obj\stm32f4xx_tim.o
 .text.TIM_GetCapture4
                0x00000000       0x18 ..\obj\stm32f4xx_tim.o
 .text.TIM_SetIC1Prescaler
                0x00000000       0x38 ..\obj\stm32f4xx_tim.o
 .text.TIM_SetIC2Prescaler
                0x00000000       0x3c ..\obj\stm32f4xx_tim.o
 .text.TIM_SetIC3Prescaler
                0x00000000       0x38 ..\obj\stm32f4xx_tim.o
 .text.TIM_SetIC4Prescaler
                0x00000000       0x3c ..\obj\stm32f4xx_tim.o
 .text.TIM_BDTRConfig
                0x00000000       0x50 ..\obj\stm32f4xx_tim.o
 .text.TIM_BDTRStructInit
                0x00000000       0x3c ..\obj\stm32f4xx_tim.o
 .text.TIM_CtrlPWMOutputs
                0x00000000       0x4c ..\obj\stm32f4xx_tim.o
 .text.TIM_SelectCOM
                0x00000000       0x40 ..\obj\stm32f4xx_tim.o
 .text.TIM_CCPreloadControl
                0x00000000       0x40 ..\obj\stm32f4xx_tim.o
 .text.TIM_ITConfig
                0x00000000       0x48 ..\obj\stm32f4xx_tim.o
 .text.TIM_GenerateEvent
                0x00000000       0x1c ..\obj\stm32f4xx_tim.o
 .text.TIM_GetITStatus
                0x00000000       0x54 ..\obj\stm32f4xx_tim.o
 .text.TIM_ClearITPendingBit
                0x00000000       0x20 ..\obj\stm32f4xx_tim.o
 .text.TIM_DMAConfig
                0x00000000       0x28 ..\obj\stm32f4xx_tim.o
 .text.TIM_DMACmd
                0x00000000       0x48 ..\obj\stm32f4xx_tim.o
 .text.TIM_SelectCCDMA
                0x00000000       0x40 ..\obj\stm32f4xx_tim.o
 .text.TIM_InternalClockConfig
                0x00000000       0x24 ..\obj\stm32f4xx_tim.o
 .text.TIM_ITRxExternalClockConfig
                0x00000000       0x30 ..\obj\stm32f4xx_tim.o
 .text.TIM_TIxExternalClockConfig
                0x00000000       0x5c ..\obj\stm32f4xx_tim.o
 .text.TIM_ETRClockMode1Config
                0x00000000       0x60 ..\obj\stm32f4xx_tim.o
 .text.TIM_ETRClockMode2Config
                0x00000000       0x40 ..\obj\stm32f4xx_tim.o
 .text.TIM_SelectInputTrigger
                0x00000000       0x38 ..\obj\stm32f4xx_tim.o
 .text.TIM_SelectOutputTrigger
                0x00000000       0x38 ..\obj\stm32f4xx_tim.o
 .text.TIM_SelectSlaveMode
                0x00000000       0x38 ..\obj\stm32f4xx_tim.o
 .text.TIM_SelectMasterSlaveMode
                0x00000000       0x38 ..\obj\stm32f4xx_tim.o
 .text.TIM_ETRConfig
                0x00000000       0x54 ..\obj\stm32f4xx_tim.o
 .text.TIM_EncoderInterfaceConfig
                0x00000000       0x98 ..\obj\stm32f4xx_tim.o
 .text.TIM_SelectHallSensor
                0x00000000       0x40 ..\obj\stm32f4xx_tim.o
 .text.TIM_RemapConfig
                0x00000000       0x20 ..\obj\stm32f4xx_tim.o
 .text.TI1_Config
                0x00000000       0x84 ..\obj\stm32f4xx_tim.o
 .text.TI2_Config
                0x00000000       0x98 ..\obj\stm32f4xx_tim.o
 .text.TI3_Config
                0x00000000       0x90 ..\obj\stm32f4xx_tim.o
 .text.TI4_Config
                0x00000000       0x9c ..\obj\stm32f4xx_tim.o
 .text          0x00000000        0x0 ..\obj\tm_stm32f4_pcd8544.o
 .data          0x00000000        0x0 ..\obj\tm_stm32f4_pcd8544.o
 .text.PCD8544_SetContrast
                0x00000000       0x40 ..\obj\tm_stm32f4_pcd8544.o
 .text.PCD8544_Invert
                0x00000000       0x2c ..\obj\tm_stm32f4_pcd8544.o
 .text.PCD8544_DrawLine
                0x00000000      0x1a4 ..\obj\tm_stm32f4_pcd8544.o
 .text.PCD8544_DrawRectangle
                0x00000000       0x70 ..\obj\tm_stm32f4_pcd8544.o
 .text.PCD8544_DrawFilledRectangle
                0x00000000       0x48 ..\obj\tm_stm32f4_pcd8544.o
 .text.PCD8544_DrawCircle
                0x00000000      0x1cc ..\obj\tm_stm32f4_pcd8544.o
 .text.PCD8544_DrawFilledCircle
                0x00000000      0x1d8 ..\obj\tm_stm32f4_pcd8544.o
 .text          0x00000000        0x0 c:/program files (x86)/gnu tools arm embedded/5.3 2016q1/bin/../lib/gcc/arm-none-eabi/5.3.1/../../../../arm-none-eabi/lib/armv7e-m\libm.a(lib_a-s_sin.o)
 .data          0x00000000        0x0 c:/program files (x86)/gnu tools arm embedded/5.3 2016q1/bin/../lib/gcc/arm-none-eabi/5.3.1/../../../../arm-none-eabi/lib/armv7e-m\libm.a(lib_a-s_sin.o)
 .bss           0x00000000        0x0 c:/program files (x86)/gnu tools arm embedded/5.3 2016q1/bin/../lib/gcc/arm-none-eabi/5.3.1/../../../../arm-none-eabi/lib/armv7e-m\libm.a(lib_a-s_sin.o)
 .text          0x00000000        0x0 c:/program files (x86)/gnu tools arm embedded/5.3 2016q1/bin/../lib/gcc/arm-none-eabi/5.3.1/../../../../arm-none-eabi/lib/armv7e-m\libm.a(lib_a-e_rem_pio2.o)
 .data          0x00000000        0x0 c:/program files (x86)/gnu tools arm embedded/5.3 2016q1/bin/../lib/gcc/arm-none-eabi/5.3.1/../../../../arm-none-eabi/lib/armv7e-m\libm.a(lib_a-e_rem_pio2.o)
 .bss           0x00000000        0x0 c:/program files (x86)/gnu tools arm embedded/5.3 2016q1/bin/../lib/gcc/arm-none-eabi/5.3.1/../../../../arm-none-eabi/lib/armv7e-m\libm.a(lib_a-e_rem_pio2.o)
 .text          0x00000000        0x0 c:/program files (x86)/gnu tools arm embedded/5.3 2016q1/bin/../lib/gcc/arm-none-eabi/5.3.1/../../../../arm-none-eabi/lib/armv7e-m\libm.a(lib_a-k_cos.o)
 .data          0x00000000        0x0 c:/program files (x86)/gnu tools arm embedded/5.3 2016q1/bin/../lib/gcc/arm-none-eabi/5.3.1/../../../../arm-none-eabi/lib/armv7e-m\libm.a(lib_a-k_cos.o)
 .bss           0x00000000        0x0 c:/program files (x86)/gnu tools arm embedded/5.3 2016q1/bin/../lib/gcc/arm-none-eabi/5.3.1/../../../../arm-none-eabi/lib/armv7e-m\libm.a(lib_a-k_cos.o)
 .text          0x00000000        0x0 c:/program files (x86)/gnu tools arm embedded/5.3 2016q1/bin/../lib/gcc/arm-none-eabi/5.3.1/../../../../arm-none-eabi/lib/armv7e-m\libm.a(lib_a-k_rem_pio2.o)
 .data          0x00000000        0x0 c:/program files (x86)/gnu tools arm embedded/5.3 2016q1/bin/../lib/gcc/arm-none-eabi/5.3.1/../../../../arm-none-eabi/lib/armv7e-m\libm.a(lib_a-k_rem_pio2.o)
 .bss           0x00000000        0x0 c:/program files (x86)/gnu tools arm embedded/5.3 2016q1/bin/../lib/gcc/arm-none-eabi/5.3.1/../../../../arm-none-eabi/lib/armv7e-m\libm.a(lib_a-k_rem_pio2.o)
 .text          0x00000000        0x0 c:/program files (x86)/gnu tools arm embedded/5.3 2016q1/bin/../lib/gcc/arm-none-eabi/5.3.1/../../../../arm-none-eabi/lib/armv7e-m\libm.a(lib_a-k_sin.o)
 .data          0x00000000        0x0 c:/program files (x86)/gnu tools arm embedded/5.3 2016q1/bin/../lib/gcc/arm-none-eabi/5.3.1/../../../../arm-none-eabi/lib/armv7e-m\libm.a(lib_a-k_sin.o)
 .bss           0x00000000        0x0 c:/program files (x86)/gnu tools arm embedded/5.3 2016q1/bin/../lib/gcc/arm-none-eabi/5.3.1/../../../../arm-none-eabi/lib/armv7e-m\libm.a(lib_a-k_sin.o)
 .text          0x00000000        0x0 c:/program files (x86)/gnu tools arm embedded/5.3 2016q1/bin/../lib/gcc/arm-none-eabi/5.3.1/../../../../arm-none-eabi/lib/armv7e-m\libm.a(lib_a-s_fabs.o)
 .data          0x00000000        0x0 c:/program files (x86)/gnu tools arm embedded/5.3 2016q1/bin/../lib/gcc/arm-none-eabi/5.3.1/../../../../arm-none-eabi/lib/armv7e-m\libm.a(lib_a-s_fabs.o)
 .bss           0x00000000        0x0 c:/program files (x86)/gnu tools arm embedded/5.3 2016q1/bin/../lib/gcc/arm-none-eabi/5.3.1/../../../../arm-none-eabi/lib/armv7e-m\libm.a(lib_a-s_fabs.o)
 .text          0x00000000        0x0 c:/program files (x86)/gnu tools arm embedded/5.3 2016q1/bin/../lib/gcc/arm-none-eabi/5.3.1/../../../../arm-none-eabi/lib/armv7e-m\libm.a(lib_a-s_floor.o)
 .data          0x00000000        0x0 c:/program files (x86)/gnu tools arm embedded/5.3 2016q1/bin/../lib/gcc/arm-none-eabi/5.3.1/../../../../arm-none-eabi/lib/armv7e-m\libm.a(lib_a-s_floor.o)
 .bss           0x00000000        0x0 c:/program files (x86)/gnu tools arm embedded/5.3 2016q1/bin/../lib/gcc/arm-none-eabi/5.3.1/../../../../arm-none-eabi/lib/armv7e-m\libm.a(lib_a-s_floor.o)
 .text          0x00000000        0x0 c:/program files (x86)/gnu tools arm embedded/5.3 2016q1/bin/../lib/gcc/arm-none-eabi/5.3.1/../../../../arm-none-eabi/lib/armv7e-m\libm.a(lib_a-s_scalbn.o)
 .data          0x00000000        0x0 c:/program files (x86)/gnu tools arm embedded/5.3 2016q1/bin/../lib/gcc/arm-none-eabi/5.3.1/../../../../arm-none-eabi/lib/armv7e-m\libm.a(lib_a-s_scalbn.o)
 .bss           0x00000000        0x0 c:/program files (x86)/gnu tools arm embedded/5.3 2016q1/bin/../lib/gcc/arm-none-eabi/5.3.1/../../../../arm-none-eabi/lib/armv7e-m\libm.a(lib_a-s_scalbn.o)
 .text          0x00000000        0x0 c:/program files (x86)/gnu tools arm embedded/5.3 2016q1/bin/../lib/gcc/arm-none-eabi/5.3.1/../../../../arm-none-eabi/lib/armv7e-m\libm.a(lib_a-s_copysign.o)
 .data          0x00000000        0x0 c:/program files (x86)/gnu tools arm embedded/5.3 2016q1/bin/../lib/gcc/arm-none-eabi/5.3.1/../../../../arm-none-eabi/lib/armv7e-m\libm.a(lib_a-s_copysign.o)
 .bss           0x00000000        0x0 c:/program files (x86)/gnu tools arm embedded/5.3 2016q1/bin/../lib/gcc/arm-none-eabi/5.3.1/../../../../arm-none-eabi/lib/armv7e-m\libm.a(lib_a-s_copysign.o)
 .data          0x00000000        0x0 c:/program files (x86)/gnu tools arm embedded/5.3 2016q1/bin/../lib/gcc/arm-none-eabi/5.3.1/armv7e-m\libgcc.a(_arm_addsubdf3.o)
 .bss           0x00000000        0x0 c:/program files (x86)/gnu tools arm embedded/5.3 2016q1/bin/../lib/gcc/arm-none-eabi/5.3.1/armv7e-m\libgcc.a(_arm_addsubdf3.o)
 .data          0x00000000        0x0 c:/program files (x86)/gnu tools arm embedded/5.3 2016q1/bin/../lib/gcc/arm-none-eabi/5.3.1/armv7e-m\libgcc.a(_arm_muldivdf3.o)
 .bss           0x00000000        0x0 c:/program files (x86)/gnu tools arm embedded/5.3 2016q1/bin/../lib/gcc/arm-none-eabi/5.3.1/armv7e-m\libgcc.a(_arm_muldivdf3.o)
 .data          0x00000000        0x0 c:/program files (x86)/gnu tools arm embedded/5.3 2016q1/bin/../lib/gcc/arm-none-eabi/5.3.1/armv7e-m\libgcc.a(_arm_cmpdf2.o)
 .bss           0x00000000        0x0 c:/program files (x86)/gnu tools arm embedded/5.3 2016q1/bin/../lib/gcc/arm-none-eabi/5.3.1/armv7e-m\libgcc.a(_arm_cmpdf2.o)
 .data          0x00000000        0x0 c:/program files (x86)/gnu tools arm embedded/5.3 2016q1/bin/../lib/gcc/arm-none-eabi/5.3.1/armv7e-m\libgcc.a(_arm_fixdfsi.o)
 .bss           0x00000000        0x0 c:/program files (x86)/gnu tools arm embedded/5.3 2016q1/bin/../lib/gcc/arm-none-eabi/5.3.1/armv7e-m\libgcc.a(_arm_fixdfsi.o)
 .data          0x00000000        0x0 c:/program files (x86)/gnu tools arm embedded/5.3 2016q1/bin/../lib/gcc/arm-none-eabi/5.3.1/armv7e-m\libgcc.a(_arm_fixunsdfsi.o)
 .bss           0x00000000        0x0 c:/program files (x86)/gnu tools arm embedded/5.3 2016q1/bin/../lib/gcc/arm-none-eabi/5.3.1/armv7e-m\libgcc.a(_arm_fixunsdfsi.o)
 .data          0x00000000        0x0 c:/program files (x86)/gnu tools arm embedded/5.3 2016q1/bin/../lib/gcc/arm-none-eabi/5.3.1/armv7e-m\libgcc.a(_arm_addsubsf3.o)
 .bss           0x00000000        0x0 c:/program files (x86)/gnu tools arm embedded/5.3 2016q1/bin/../lib/gcc/arm-none-eabi/5.3.1/armv7e-m\libgcc.a(_arm_addsubsf3.o)
 .data          0x00000000        0x0 c:/program files (x86)/gnu tools arm embedded/5.3 2016q1/bin/../lib/gcc/arm-none-eabi/5.3.1/armv7e-m\libgcc.a(_arm_cmpsf2.o)
 .bss           0x00000000        0x0 c:/program files (x86)/gnu tools arm embedded/5.3 2016q1/bin/../lib/gcc/arm-none-eabi/5.3.1/armv7e-m\libgcc.a(_arm_cmpsf2.o)
 .text          0x00000000        0x0 c:/program files (x86)/gnu tools arm embedded/5.3 2016q1/bin/../lib/gcc/arm-none-eabi/5.3.1/../../../../arm-none-eabi/lib/armv7e-m\libc.a(lib_a-itoa.o)
 .data          0x00000000        0x0 c:/program files (x86)/gnu tools arm embedded/5.3 2016q1/bin/../lib/gcc/arm-none-eabi/5.3.1/../../../../arm-none-eabi/lib/armv7e-m\libc.a(lib_a-itoa.o)
 .bss           0x00000000        0x0 c:/program files (x86)/gnu tools arm embedded/5.3 2016q1/bin/../lib/gcc/arm-none-eabi/5.3.1/../../../../arm-none-eabi/lib/armv7e-m\libc.a(lib_a-itoa.o)
 .text          0x00000000        0x0 c:/program files (x86)/gnu tools arm embedded/5.3 2016q1/bin/../lib/gcc/arm-none-eabi/5.3.1/../../../../arm-none-eabi/lib/armv7e-m\libc.a(lib_a-utoa.o)
 .data          0x00000000        0x0 c:/program files (x86)/gnu tools arm embedded/5.3 2016q1/bin/../lib/gcc/arm-none-eabi/5.3.1/../../../../arm-none-eabi/lib/armv7e-m\libc.a(lib_a-utoa.o)
 .bss           0x00000000        0x0 c:/program files (x86)/gnu tools arm embedded/5.3 2016q1/bin/../lib/gcc/arm-none-eabi/5.3.1/../../../../arm-none-eabi/lib/armv7e-m\libc.a(lib_a-utoa.o)
 .text.utoa     0x00000000        0x4 c:/program files (x86)/gnu tools arm embedded/5.3 2016q1/bin/../lib/gcc/arm-none-eabi/5.3.1/../../../../arm-none-eabi/lib/armv7e-m\libc.a(lib_a-utoa.o)

Memory Configuration

Name             Origin             Length             Attributes
rom              0x08000000         0x00100000         xr
ram              0x20000000         0x00020000         xrw
ram1             0x10000000         0x00010000         xrw
*default*        0x00000000         0xffffffff

Linker script and memory map

                0x20020000                _eram = 0x20020000

.text           0x08000000     0x6218
 *(.isr_vector)
 .isr_vector    0x08000000      0x188 ..\obj\startup_stm32f4xx.o
                0x08000000                g_pfnVectors
 *(.text*)
 .text.SYSCFG_EXTILineConfig
                0x08000188       0x84 ..\obj\stm32f4xx_syscfg.o
                0x08000188                SYSCFG_EXTILineConfig
 .text.timer_sound
                0x0800020c       0x34 ..\obj\sound.o
                0x0800020c                timer_sound
 .text.DACinit  0x08000240       0x94 ..\obj\sound.o
                0x08000240                DACinit
 *fill*         0x080002d4        0x4 
 .text.Play     0x080002d8      0x10c ..\obj\sound.o
                0x080002d8                Play
 .text.PWR_BackupAccessCmd
                0x080003e4       0x20 ..\obj\stm32f4xx_pwr.o
                0x080003e4                PWR_BackupAccessCmd
 .text.DAC_Init
                0x08000404       0x64 ..\obj\stm32f4xx_dac.o
                0x08000404                DAC_Init
 .text.DAC_Cmd  0x08000468       0x48 ..\obj\stm32f4xx_dac.o
                0x08000468                DAC_Cmd
 .text.DAC_SetChannel1Data
                0x080004b0       0x34 ..\obj\stm32f4xx_dac.o
                0x080004b0                DAC_SetChannel1Data
 .text.Default_Reset_Handler
                0x080004e4       0x5c ..\obj\startup_stm32f4xx.o
                0x080004e4                Default_Reset_Handler
                0x080004e4                Reset_Handler
 .text.Default_Handler
                0x08000540        0x8 ..\obj\startup_stm32f4xx.o
                0x08000540                HASH_RNG_IRQHandler
                0x08000540                EXTI2_IRQHandler
                0x08000540                TIM8_CC_IRQHandler
                0x08000540                DebugMon_Handler
                0x08000540                TIM1_CC_IRQHandler
                0x08000540                DMA2_Stream5_IRQHandler
                0x08000540                HardFault_Handler
                0x08000540                DMA1_Stream5_IRQHandler
                0x08000540                SysTick_Handler
                0x08000540                PVD_IRQHandler
                0x08000540                SDIO_IRQHandler
                0x08000540                TAMP_STAMP_IRQHandler
                0x08000540                PendSV_Handler
                0x08000540                NMI_Handler
                0x08000540                CAN2_RX1_IRQHandler
                0x08000540                EXTI3_IRQHandler
                0x08000540                TIM8_TRG_COM_TIM14_IRQHandler
                0x08000540                TIM1_UP_TIM10_IRQHandler
                0x08000540                TIM8_UP_TIM13_IRQHandler
                0x08000540                I2C3_ER_IRQHandler
                0x08000540                EXTI0_IRQHandler
                0x08000540                I2C2_EV_IRQHandler
                0x08000540                DMA1_Stream2_IRQHandler
                0x08000540                CAN1_RX0_IRQHandler
                0x08000540                FPU_IRQHandler
                0x08000540                OTG_HS_WKUP_IRQHandler
                0x08000540                UsageFault_Handler
                0x08000540                CAN2_SCE_IRQHandler
                0x08000540                DMA2_Stream2_IRQHandler
                0x08000540                SPI1_IRQHandler
                0x08000540                TIM6_DAC_IRQHandler
                0x08000540                TIM1_BRK_TIM9_IRQHandler
                0x08000540                DCMI_IRQHandler
                0x08000540                CAN2_RX0_IRQHandler
                0x08000540                DMA2_Stream3_IRQHandler
                0x08000540                USART6_IRQHandler
                0x08000540                USART3_IRQHandler
                0x08000540                CRYP_IRQHandler
                0x08000540                CAN1_RX1_IRQHandler
                0x08000540                UART5_IRQHandler
                0x08000540                DMA2_Stream0_IRQHandler
                0x08000540                TIM4_IRQHandler
                0x08000540                I2C1_EV_IRQHandler
                0x08000540                DMA1_Stream6_IRQHandler
                0x08000540                DMA1_Stream1_IRQHandler
                0x08000540                UART4_IRQHandler
                0x08000540                TIM3_IRQHandler
                0x08000540                RCC_IRQHandler
                0x08000540                TIM8_BRK_TIM12_IRQHandler
                0x08000540                ADC_IRQHandler
                0x08000540                DMA1_Stream7_IRQHandler
                0x08000540                TIM7_IRQHandler
                0x08000540                CAN2_TX_IRQHandler
                0x08000540                TIM5_IRQHandler
                0x08000540                DMA2_Stream7_IRQHandler
                0x08000540                I2C3_EV_IRQHandler
                0x08000540                ETH_WKUP_IRQHandler
                0x08000540                SPI2_IRQHandler
                0x08000540                OTG_HS_EP1_IN_IRQHandler
                0x08000540                MemManage_Handler
                0x08000540                DMA1_Stream0_IRQHandler
                0x08000540                CAN1_TX_IRQHandler
                0x08000540                SVC_Handler
                0x08000540                EXTI4_IRQHandler
                0x08000540                FSMC_IRQHandler
                0x08000540                ETH_IRQHandler
                0x08000540                OTG_HS_EP1_OUT_IRQHandler
                0x08000540                WWDG_IRQHandler
                0x08000540                TIM2_IRQHandler
                0x08000540                OTG_FS_WKUP_IRQHandler
                0x08000540                TIM1_TRG_COM_TIM11_IRQHandler
                0x08000540                OTG_HS_IRQHandler
                0x08000540                EXTI1_IRQHandler
                0x08000540                USART2_IRQHandler
                0x08000540                I2C2_ER_IRQHandler
                0x08000540                DMA2_Stream1_IRQHandler
                0x08000540                CAN1_SCE_IRQHandler
                0x08000540                FLASH_IRQHandler
                0x08000540                DMA2_Stream4_IRQHandler
                0x08000540                BusFault_Handler
                0x08000540                USART1_IRQHandler
                0x08000540                OTG_FS_IRQHandler
                0x08000540                SPI3_IRQHandler
                0x08000540                DMA1_Stream4_IRQHandler
                0x08000540                I2C1_ER_IRQHandler
                0x08000540                DMA2_Stream6_IRQHandler
                0x08000540                DMA1_Stream3_IRQHandler
 .text.main     0x08000548       0x90 ..\obj\main.o
                0x08000548                main
 .text.RCC_LSEConfig
                0x080005d8       0x40 ..\obj\stm32f4xx_rcc.o
                0x080005d8                RCC_LSEConfig
 .text.RCC_LSICmd
                0x08000618       0x20 ..\obj\stm32f4xx_rcc.o
                0x08000618                RCC_LSICmd
 .text.RCC_RTCCLKConfig
                0x08000638       0x5c ..\obj\stm32f4xx_rcc.o
                0x08000638                RCC_RTCCLKConfig
 .text.RCC_RTCCLKCmd
                0x08000694       0x20 ..\obj\stm32f4xx_rcc.o
                0x08000694                RCC_RTCCLKCmd
 .text.RCC_AHB1PeriphClockCmd
                0x080006b4       0x3c ..\obj\stm32f4xx_rcc.o
                0x080006b4                RCC_AHB1PeriphClockCmd
 .text.RCC_APB1PeriphClockCmd
                0x080006f0       0x3c ..\obj\stm32f4xx_rcc.o
                0x080006f0                RCC_APB1PeriphClockCmd
 .text.RCC_APB2PeriphClockCmd
                0x0800072c       0x3c ..\obj\stm32f4xx_rcc.o
                0x0800072c                RCC_APB2PeriphClockCmd
 .text.RCC_GetFlagStatus
                0x08000768       0x74 ..\obj\stm32f4xx_rcc.o
                0x08000768                RCC_GetFlagStatus
 .text.display_all
                0x080007dc      0x290 ..\obj\display.o
                0x080007dc                display_all
 .text.display_date_hours
                0x08000a6c      0x164 ..\obj\display.o
                0x08000a6c                display_date_hours
 .text.display_alarm
                0x08000bd0       0xe8 ..\obj\display.o
                0x08000bd0                display_alarm
 .text.TM_SPI_Init
                0x08000cb8       0x7c ..\obj\tm_stm32f4_spi.o
                0x08000cb8                TM_SPI_Init
 .text.TM_SPI_Send
                0x08000d34       0x44 ..\obj\tm_stm32f4_spi.o
                0x08000d34                TM_SPI_Send
 .text.TM_SPIx_Init
                0x08000d78      0x11c ..\obj\tm_stm32f4_spi.o
 .text.TM_SPI1_INT_InitPins
                0x08000e94       0x60 ..\obj\tm_stm32f4_spi.o
                0x08000e94                TM_SPI1_INT_InitPins
 .text.TM_SPI2_INT_InitPins
                0x08000ef4       0x94 ..\obj\tm_stm32f4_spi.o
                0x08000ef4                TM_SPI2_INT_InitPins
 .text.TM_SPI3_INT_InitPins
                0x08000f88       0x60 ..\obj\tm_stm32f4_spi.o
                0x08000f88                TM_SPI3_INT_InitPins
 .text.GPIO_Init
                0x08000fe8      0x11c ..\obj\stm32f4xx_gpio.o
                0x08000fe8                GPIO_Init
 .text.GPIO_SetBits
                0x08001104       0x1c ..\obj\stm32f4xx_gpio.o
                0x08001104                GPIO_SetBits
 .text.GPIO_ResetBits
                0x08001120       0x1c ..\obj\stm32f4xx_gpio.o
                0x08001120                GPIO_ResetBits
 .text.GPIO_ToggleBits
                0x0800113c       0x24 ..\obj\stm32f4xx_gpio.o
                0x0800113c                GPIO_ToggleBits
 .text.SystemInit
                0x08001160       0x5c ..\obj\system_stm32f4xx.o
                0x08001160                SystemInit
 .text.SystemCoreClockUpdate
                0x080011bc       0xf8 ..\obj\system_stm32f4xx.o
                0x080011bc                SystemCoreClockUpdate
 .text.SetSysClock
                0x080012b4       0xf4 ..\obj\system_stm32f4xx.o
 .text.TM_RTC_Init
                0x080013a8      0x120 ..\obj\tm_stm32f4_rtc.o
                0x080013a8                TM_RTC_Init
 .text.TM_RTC_SetDateTime
                0x080014c8      0x284 ..\obj\tm_stm32f4_rtc.o
                0x080014c8                TM_RTC_SetDateTime
 .text.TM_RTC_GetDateTime
                0x0800174c       0xa0 ..\obj\tm_stm32f4_rtc.o
                0x0800174c                TM_RTC_GetDateTime
 .text.TM_RTC_Config
                0x080017ec       0x78 ..\obj\tm_stm32f4_rtc.o
                0x080017ec                TM_RTC_Config
 .text.TM_RTC_Interrupts
                0x08001864      0x144 ..\obj\tm_stm32f4_rtc.o
                0x08001864                TM_RTC_Interrupts
 .text.TM_RTC_GetUnixTimeStamp
                0x080019a8      0x170 ..\obj\tm_stm32f4_rtc.o
                0x080019a8                TM_RTC_GetUnixTimeStamp
 .text.TM_RTC_AlarmAHandler
                0x08001b18        0xc ..\obj\tm_stm32f4_rtc.o
                0x08001b18                TM_RTC_AlarmAHandler
 .text.TM_RTC_AlarmBHandler
                0x08001b24        0xc ..\obj\tm_stm32f4_rtc.o
                0x08001b24                TM_RTC_AlarmBHandler
 .text.RTC_WKUP_IRQHandler
                0x08001b30       0x30 ..\obj\tm_stm32f4_rtc.o
                0x08001b30                RTC_WKUP_IRQHandler
 .text.RTC_Alarm_IRQHandler
                0x08001b60       0x48 ..\obj\tm_stm32f4_rtc.o
                0x08001b60                RTC_Alarm_IRQHandler
 .text.SPI_Init
                0x08001ba8       0x88 ..\obj\stm32f4xx_spi.o
                0x08001ba8                SPI_Init
 .text.SPI_StructInit
                0x08001c30       0x48 ..\obj\stm32f4xx_spi.o
                0x08001c30                SPI_StructInit
 .text.EXTI_Init
                0x08001c78       0xe4 ..\obj\stm32f4xx_exti.o
                0x08001c78                EXTI_Init
 .text.EXTI_GetITStatus
                0x08001d5c       0x48 ..\obj\stm32f4xx_exti.o
                0x08001d5c                EXTI_GetITStatus
 .text.EXTI_ClearITPendingBit
                0x08001da4       0x1c ..\obj\stm32f4xx_exti.o
                0x08001da4                EXTI_ClearITPendingBit
 .text.timer    0x08001dc0       0x34 ..\obj\config_button.o
                0x08001dc0                timer
 .text.Configure_PB9
                0x08001df4       0x84 ..\obj\config_button.o
                0x08001df4                Configure_PB9
 .text.Configure_PB11
                0x08001e78       0x84 ..\obj\config_button.o
                0x08001e78                Configure_PB11
 .text.Configure_PB12
                0x08001efc       0x84 ..\obj\config_button.o
                0x08001efc                Configure_PB12
 .text.Configure_PB13
                0x08001f80       0x84 ..\obj\config_button.o
                0x08001f80                Configure_PB13
 .text.Configure_PB14
                0x08002004       0x84 ..\obj\config_button.o
                0x08002004                Configure_PB14
 .text.EXTI9_5_IRQHandler
                0x08002088      0x26c ..\obj\config_button.o
                0x08002088                EXTI9_5_IRQHandler
 .text.EXTI15_10_IRQHandler
                0x080022f4      0x640 ..\obj\config_button.o
                0x080022f4                EXTI15_10_IRQHandler
 .text.play     0x08002934       0x40 ..\obj\config_button.o
                0x08002934                play
 .text.TM_RTC_RequestHandler
                0x08002974       0x24 ..\obj\config_button.o
                0x08002974                TM_RTC_RequestHandler
 .text.NVIC_Init
                0x08002998       0xc0 ..\obj\misc.o
                0x08002998                NVIC_Init
 .text.TM_GPIO_InitAlternate
                0x08002a58       0xa8 ..\obj\tm_stm32f4_gpio.o
                0x08002a58                TM_GPIO_InitAlternate
 .text.TM_GPIO_INT_EnableClock
                0x08002b00       0xf0 ..\obj\tm_stm32f4_gpio.o
                0x08002b00                TM_GPIO_INT_EnableClock
 .text.TM_GPIO_INT_Init
                0x08002bf0       0xe0 ..\obj\tm_stm32f4_gpio.o
                0x08002bf0                TM_GPIO_INT_Init
 .text.RTC_Init
                0x08002cd0       0x78 ..\obj\stm32f4xx_rtc.o
                0x08002cd0                RTC_Init
 .text.RTC_WriteProtectionCmd
                0x08002d48       0x34 ..\obj\stm32f4xx_rtc.o
                0x08002d48                RTC_WriteProtectionCmd
 .text.RTC_EnterInitMode
                0x08002d7c       0x70 ..\obj\stm32f4xx_rtc.o
                0x08002d7c                RTC_EnterInitMode
 .text.RTC_ExitInitMode
                0x08002dec       0x1c ..\obj\stm32f4xx_rtc.o
                0x08002dec                RTC_ExitInitMode
 .text.RTC_WaitForSynchro
                0x08002e08       0x74 ..\obj\stm32f4xx_rtc.o
                0x08002e08                RTC_WaitForSynchro
 .text.RTC_SetTime
                0x08002e7c      0x104 ..\obj\stm32f4xx_rtc.o
                0x08002e7c                RTC_SetTime
 .text.RTC_GetTime
                0x08002f80       0xa4 ..\obj\stm32f4xx_rtc.o
                0x08002f80                RTC_GetTime
 .text.RTC_SetDate
                0x08003024      0x10c ..\obj\stm32f4xx_rtc.o
                0x08003024                RTC_SetDate
 .text.RTC_GetDate
                0x08003130       0x9c ..\obj\stm32f4xx_rtc.o
                0x08003130                RTC_GetDate
 .text.RTC_WakeUpClockConfig
                0x080031cc       0x40 ..\obj\stm32f4xx_rtc.o
                0x080031cc                RTC_WakeUpClockConfig
 .text.RTC_SetWakeUpCounter
                0x0800320c       0x30 ..\obj\stm32f4xx_rtc.o
                0x0800320c                RTC_SetWakeUpCounter
 .text.RTC_WakeUpCmd
                0x0800323c       0x90 ..\obj\stm32f4xx_rtc.o
                0x0800323c                RTC_WakeUpCmd
 .text.RTC_WriteBackupRegister
                0x080032cc       0x34 ..\obj\stm32f4xx_rtc.o
                0x080032cc                RTC_WriteBackupRegister
 .text.RTC_ReadBackupRegister
                0x08003300       0x2c ..\obj\stm32f4xx_rtc.o
                0x08003300                RTC_ReadBackupRegister
 .text.RTC_ITConfig
                0x0800332c       0x78 ..\obj\stm32f4xx_rtc.o
                0x0800332c                RTC_ITConfig
 .text.RTC_GetITStatus
                0x080033a4       0x68 ..\obj\stm32f4xx_rtc.o
                0x080033a4                RTC_GetITStatus
 .text.RTC_ClearITPendingBit
                0x0800340c       0x38 ..\obj\stm32f4xx_rtc.o
                0x0800340c                RTC_ClearITPendingBit
 .text.RTC_ByteToBcd2
                0x08003444       0x38 ..\obj\stm32f4xx_rtc.o
 .text.RTC_Bcd2ToByte
                0x0800347c       0x38 ..\obj\stm32f4xx_rtc.o
 .text.TIM_TimeBaseInit
                0x080034b4       0xd4 ..\obj\stm32f4xx_tim.o
                0x080034b4                TIM_TimeBaseInit
 .text.TIM_Cmd  0x08003588       0x40 ..\obj\stm32f4xx_tim.o
                0x08003588                TIM_Cmd
 .text.TIM_GetFlagStatus
                0x080035c8       0x38 ..\obj\stm32f4xx_tim.o
                0x080035c8                TIM_GetFlagStatus
 .text.TIM_ClearFlag
                0x08003600       0x20 ..\obj\stm32f4xx_tim.o
                0x08003600                TIM_ClearFlag
 .text.PCD8544_InitIO
                0x08003620       0x7c ..\obj\tm_stm32f4_pcd8544.o
                0x08003620                PCD8544_InitIO
 .text.PCD8544_send
                0x0800369c       0x38 ..\obj\tm_stm32f4_pcd8544.o
                0x0800369c                PCD8544_send
 .text.PCD8544_Pin
                0x080036d4       0x64 ..\obj\tm_stm32f4_pcd8544.o
                0x080036d4                PCD8544_Pin
 .text.PCD8544_Delay
                0x08003738       0x28 ..\obj\tm_stm32f4_pcd8544.o
                0x08003738                PCD8544_Delay
 .text.PCD8544_Init
                0x08003760       0x7c ..\obj\tm_stm32f4_pcd8544.o
                0x08003760                PCD8544_Init
 .text.PCD8544_Write
                0x080037dc       0x40 ..\obj\tm_stm32f4_pcd8544.o
                0x080037dc                PCD8544_Write
 .text.PCD8544_DrawPixel
                0x0800381c       0xbc ..\obj\tm_stm32f4_pcd8544.o
                0x0800381c                PCD8544_DrawPixel
 .text.PCD8544_Clear
                0x080038d8       0x4c ..\obj\tm_stm32f4_pcd8544.o
                0x080038d8                PCD8544_Clear
 .text.PCD8544_Home
                0x08003924       0x18 ..\obj\tm_stm32f4_pcd8544.o
                0x08003924                PCD8544_Home
 .text.PCD8544_Refresh
                0x0800393c       0xc4 ..\obj\tm_stm32f4_pcd8544.o
                0x0800393c                PCD8544_Refresh
 .text.PCD8544_UpdateArea
                0x08003a00       0x78 ..\obj\tm_stm32f4_pcd8544.o
                0x08003a00                PCD8544_UpdateArea
 .text.PCD8544_GotoXY
                0x08003a78       0x30 ..\obj\tm_stm32f4_pcd8544.o
                0x08003a78                PCD8544_GotoXY
 .text.PCD8544_Putc
                0x08003aa8      0x158 ..\obj\tm_stm32f4_pcd8544.o
                0x08003aa8                PCD8544_Putc
 .text.PCD8544_Puts
                0x08003c00       0x34 ..\obj\tm_stm32f4_pcd8544.o
                0x08003c00                PCD8544_Puts
 .text.sin      0x08003c34       0x88 c:/program files (x86)/gnu tools arm embedded/5.3 2016q1/bin/../lib/gcc/arm-none-eabi/5.3.1/../../../../arm-none-eabi/lib/armv7e-m\libm.a(lib_a-s_sin.o)
                0x08003c34                sin
 *fill*         0x08003cbc        0x4 
 .text.__ieee754_rem_pio2
                0x08003cc0      0x444 c:/program files (x86)/gnu tools arm embedded/5.3 2016q1/bin/../lib/gcc/arm-none-eabi/5.3.1/../../../../arm-none-eabi/lib/armv7e-m\libm.a(lib_a-e_rem_pio2.o)
                0x08003cc0                __ieee754_rem_pio2
 *fill*         0x08004104        0x4 
 .text.__kernel_cos
                0x08004108      0x248 c:/program files (x86)/gnu tools arm embedded/5.3 2016q1/bin/../lib/gcc/arm-none-eabi/5.3.1/../../../../arm-none-eabi/lib/armv7e-m\libm.a(lib_a-k_cos.o)
                0x08004108                __kernel_cos
 .text.__kernel_rem_pio2
                0x08004350      0x7f8 c:/program files (x86)/gnu tools arm embedded/5.3 2016q1/bin/../lib/gcc/arm-none-eabi/5.3.1/../../../../arm-none-eabi/lib/armv7e-m\libm.a(lib_a-k_rem_pio2.o)
                0x08004350                __kernel_rem_pio2
 .text.__kernel_sin
                0x08004b48      0x16c c:/program files (x86)/gnu tools arm embedded/5.3 2016q1/bin/../lib/gcc/arm-none-eabi/5.3.1/../../../../arm-none-eabi/lib/armv7e-m\libm.a(lib_a-k_sin.o)
                0x08004b48                __kernel_sin
 .text.fabs     0x08004cb4        0x8 c:/program files (x86)/gnu tools arm embedded/5.3 2016q1/bin/../lib/gcc/arm-none-eabi/5.3.1/../../../../arm-none-eabi/lib/armv7e-m\libm.a(lib_a-s_fabs.o)
                0x08004cb4                fabs
 *fill*         0x08004cbc        0x4 
 .text.floor    0x08004cc0      0x110 c:/program files (x86)/gnu tools arm embedded/5.3 2016q1/bin/../lib/gcc/arm-none-eabi/5.3.1/../../../../arm-none-eabi/lib/armv7e-m\libm.a(lib_a-s_floor.o)
                0x08004cc0                floor
 .text.scalbn   0x08004dd0       0xfc c:/program files (x86)/gnu tools arm embedded/5.3 2016q1/bin/../lib/gcc/arm-none-eabi/5.3.1/../../../../arm-none-eabi/lib/armv7e-m\libm.a(lib_a-s_scalbn.o)
                0x08004dd0                scalbn
 .text.copysign
                0x08004ecc       0x10 c:/program files (x86)/gnu tools arm embedded/5.3 2016q1/bin/../lib/gcc/arm-none-eabi/5.3.1/../../../../arm-none-eabi/lib/armv7e-m\libm.a(lib_a-s_copysign.o)
                0x08004ecc                copysign
 .text          0x08004edc      0x370 c:/program files (x86)/gnu tools arm embedded/5.3 2016q1/bin/../lib/gcc/arm-none-eabi/5.3.1/armv7e-m\libgcc.a(_arm_addsubdf3.o)
                0x08004edc                __aeabi_drsub
                0x08004ee4                __aeabi_dsub
                0x08004ee4                __subdf3
                0x08004ee8                __aeabi_dadd
                0x08004ee8                __adddf3
                0x08005160                __floatunsidf
                0x08005160                __aeabi_ui2d
                0x08005180                __floatsidf
                0x08005180                __aeabi_i2d
                0x080051a4                __aeabi_f2d
                0x080051a4                __extendsfdf2
                0x080051e0                __floatundidf
                0x080051e0                __aeabi_ul2d
                0x080051f0                __floatdidf
                0x080051f0                __aeabi_l2d
 .text          0x0800524c      0x424 c:/program files (x86)/gnu tools arm embedded/5.3 2016q1/bin/../lib/gcc/arm-none-eabi/5.3.1/armv7e-m\libgcc.a(_arm_muldivdf3.o)
                0x0800524c                __aeabi_dmul
                0x0800524c                __muldf3
                0x080054a0                __divdf3
                0x080054a0                __aeabi_ddiv
 .text          0x08005670      0x110 c:/program files (x86)/gnu tools arm embedded/5.3 2016q1/bin/../lib/gcc/arm-none-eabi/5.3.1/armv7e-m\libgcc.a(_arm_cmpdf2.o)
                0x08005670                __gtdf2
                0x08005670                __gedf2
                0x08005678                __ltdf2
                0x08005678                __ledf2
                0x08005680                __nedf2
                0x08005680                __eqdf2
                0x08005680                __cmpdf2
                0x080056fc                __aeabi_cdrcmple
                0x0800570c                __aeabi_cdcmpeq
                0x0800570c                __aeabi_cdcmple
                0x0800571c                __aeabi_dcmpeq
                0x08005730                __aeabi_dcmplt
                0x08005744                __aeabi_dcmple
                0x08005758                __aeabi_dcmpge
                0x0800576c                __aeabi_dcmpgt
 .text          0x08005780       0x50 c:/program files (x86)/gnu tools arm embedded/5.3 2016q1/bin/../lib/gcc/arm-none-eabi/5.3.1/armv7e-m\libgcc.a(_arm_fixdfsi.o)
                0x08005780                __aeabi_d2iz
                0x08005780                __fixdfsi
 .text          0x080057d0       0x40 c:/program files (x86)/gnu tools arm embedded/5.3 2016q1/bin/../lib/gcc/arm-none-eabi/5.3.1/armv7e-m\libgcc.a(_arm_fixunsdfsi.o)
                0x080057d0                __aeabi_d2uiz
                0x080057d0                __fixunsdfsi
 .text          0x08005810      0x21c c:/program files (x86)/gnu tools arm embedded/5.3 2016q1/bin/../lib/gcc/arm-none-eabi/5.3.1/armv7e-m\libgcc.a(_arm_addsubsf3.o)
                0x08005810                __aeabi_frsub
                0x08005818                __subsf3
                0x08005818                __aeabi_fsub
                0x0800581c                __aeabi_fadd
                0x0800581c                __addsf3
                0x0800597c                __aeabi_ui2f
                0x0800597c                __floatunsisf
                0x08005984                __aeabi_i2f
                0x08005984                __floatsisf
                0x080059a0                __aeabi_ul2f
                0x080059a0                __floatundisf
                0x080059b0                __aeabi_l2f
                0x080059b0                __floatdisf
 .text          0x08005a2c       0xec c:/program files (x86)/gnu tools arm embedded/5.3 2016q1/bin/../lib/gcc/arm-none-eabi/5.3.1/armv7e-m\libgcc.a(_arm_cmpsf2.o)
                0x08005a2c                __gesf2
                0x08005a2c                __gtsf2
                0x08005a34                __lesf2
                0x08005a34                __ltsf2
                0x08005a3c                __nesf2
                0x08005a3c                __eqsf2
                0x08005a3c                __cmpsf2
                0x08005a9c                __aeabi_cfrcmple
                0x08005aa4                __aeabi_cfcmpeq
                0x08005aa4                __aeabi_cfcmple
                0x08005ab4                __aeabi_fcmpeq
                0x08005ac8                __aeabi_fcmplt
                0x08005adc                __aeabi_fcmple
                0x08005af0                __aeabi_fcmpge
                0x08005b04                __aeabi_fcmpgt
 .text.__itoa   0x08005b18       0x30 c:/program files (x86)/gnu tools arm embedded/5.3 2016q1/bin/../lib/gcc/arm-none-eabi/5.3.1/../../../../arm-none-eabi/lib/armv7e-m\libc.a(lib_a-itoa.o)
                0x08005b18                __itoa
 .text.itoa     0x08005b48        0x4 c:/program files (x86)/gnu tools arm embedded/5.3 2016q1/bin/../lib/gcc/arm-none-eabi/5.3.1/../../../../arm-none-eabi/lib/armv7e-m\libc.a(lib_a-itoa.o)
                0x08005b48                itoa
 .text.__utoa   0x08005b4c       0x80 c:/program files (x86)/gnu tools arm embedded/5.3 2016q1/bin/../lib/gcc/arm-none-eabi/5.3.1/../../../../arm-none-eabi/lib/armv7e-m\libc.a(lib_a-utoa.o)
                0x08005b4c                __utoa
 *(.init)
 *(.fini)
 *crtbegin.o(.ctors)
 *crtbegin?.o(.ctors)
 *(EXCLUDE_FILE(*crtend.o *crtend?.o) .ctors)
 *(SORT(.ctors.*))
 *(.ctors)
 *crtbegin.o(.dtors)
 *crtbegin?.o(.dtors)
 *(EXCLUDE_FILE(*crtend.o *crtend?.o) .dtors)
 *(SORT(.dtors.*))
 *(.dtors)
 *(.rodata*)
 .rodata        0x08005bcc       0x43 ..\obj\display.o
 *fill*         0x08005c0f        0x1 
 .rodata        0x08005c10       0x7c ..\obj\config_button.o
 .rodata        0x08005c8c      0x386 ..\obj\tm_stm32f4_pcd8544.o
                0x08005c8c                PCD8544_Font5x7
                0x08005ed4                PCD8544_Font3x5
 *fill*         0x08006012        0x2 
 .rodata.npio2_hw
                0x08006014       0x80 c:/program files (x86)/gnu tools arm embedded/5.3 2016q1/bin/../lib/gcc/arm-none-eabi/5.3.1/../../../../arm-none-eabi/lib/armv7e-m\libm.a(lib_a-e_rem_pio2.o)
 .rodata.two_over_pi
                0x08006094      0x108 c:/program files (x86)/gnu tools arm embedded/5.3 2016q1/bin/../lib/gcc/arm-none-eabi/5.3.1/../../../../arm-none-eabi/lib/armv7e-m\libm.a(lib_a-e_rem_pio2.o)
 .rodata.init_jk
                0x0800619c       0x10 c:/program files (x86)/gnu tools arm embedded/5.3 2016q1/bin/../lib/gcc/arm-none-eabi/5.3.1/../../../../arm-none-eabi/lib/armv7e-m\libm.a(lib_a-k_rem_pio2.o)
 *fill*         0x080061ac        0x4 
 .rodata.PIo2   0x080061b0       0x40 c:/program files (x86)/gnu tools arm embedded/5.3 2016q1/bin/../lib/gcc/arm-none-eabi/5.3.1/../../../../arm-none-eabi/lib/armv7e-m\libm.a(lib_a-k_rem_pio2.o)
 .rodata.str1.4
                0x080061f0       0x28 c:/program files (x86)/gnu tools arm embedded/5.3 2016q1/bin/../lib/gcc/arm-none-eabi/5.3.1/../../../../arm-none-eabi/lib/armv7e-m\libc.a(lib_a-utoa.o)
                                 0x25 (size before relaxing)
 *(.eh_fram e*)

.glue_7         0x08006218        0x0
 .glue_7        0x08006218        0x0 linker stubs

.glue_7t        0x08006218        0x0
 .glue_7t       0x08006218        0x0 linker stubs

.vfp11_veneer   0x08006218        0x0
 .vfp11_veneer  0x08006218        0x0 linker stubs

.v4_bx          0x08006218        0x0
 .v4_bx         0x08006218        0x0 linker stubs

.iplt           0x08006218        0x0
 .iplt          0x08006218        0x0 ..\obj\stm32f4xx_syscfg.o

.rel.dyn        0x08006218        0x0
 .rel.iplt      0x08006218        0x0 ..\obj\stm32f4xx_syscfg.o

.ARM.extab
 *(.ARM.extab* .gnu.linkonce.armextab.*)
                0x08006218                __exidx_start = .

.ARM.exidx
 *(.ARM.exidx* .gnu.linkonce.armexidx.*)
                0x08006218                __exidx_end = .
                0x08006218                __etext = .
                0x08006218                _sidata = __etext

.data           0x20000000       0x38 load address 0x08006218
                0x20000000                __data_start__ = .
                0x20000000                _sdata = __data_start__
 *(vtable)
 *(.data*)
 .data          0x20000000        0x4 ..\obj\sound.o
                0x20000000                increase
 .data          0x20000004       0x14 ..\obj\system_stm32f4xx.o
                0x20000004                SystemCoreClock
                0x20000008                AHBPrescTable
 .data          0x20000018       0x18 ..\obj\tm_stm32f4_rtc.o
                0x20000018                TM_RTC_Months
 .data          0x20000030        0x8 ..\obj\config_button.o
                0x20000030                alarmhours
                0x20000034                alarmminutes
                0x20000038                . = ALIGN (0x4)
                [!provide]                PROVIDE (__preinit_array_start, .)
 *(.preinit_array)
                [!provide]                PROVIDE (__preinit_array_end, .)
                0x20000038                . = ALIGN (0x4)
                [!provide]                PROVIDE (__init_array_start, .)
 *(SORT(.init_array.*))
 *(.init_array)
                [!provide]                PROVIDE (__init_array_end, .)
                0x20000038                . = ALIGN (0x4)
                [!provide]                PROVIDE (__fini_array_start, .)
 *(SORT(.fini_array.*))
 *(.fini_array)
                [!provide]                PROVIDE (__fini_array_end, .)
 *(.jcr*)
                0x20000038                . = ALIGN (0x4)
                0x20000038                __data_end__ = .
                0x20000038                _edata = __data_end__

.igot.plt       0x20000038        0x0 load address 0x08006250
 .igot.plt      0x20000038        0x0 ..\obj\stm32f4xx_syscfg.o

.bss            0x20000038      0x258 load address 0x08006250
                0x20000038                . = ALIGN (0x4)
                0x20000038                __bss_start__ = .
                0x20000038                _sbss = __bss_start__
 *(.bss*)
 .bss           0x20000038        0x4 ..\obj\sound.o
                0x20000038                i
 .bss           0x2000003c        0x4 ..\obj\tm_stm32f4_rtc.o
                0x2000003c                TM_RTC_Status
 .bss           0x20000040       0x20 ..\obj\config_button.o
                0x20000040                a
                0x20000044                b
                0x20000048                active
                0x2000004c                yeartemp
                0x20000050                monthtemp
                0x20000054                daytemp
                0x20000058                hourstemp
                0x2000005c                minutestemp
 .bss           0x20000060        0x4 ..\obj\tm_stm32f4_pcd8544.o
                0x20000060                PCD8544_UpdateXmin
                0x20000061                PCD8544_UpdateXmax
                0x20000062                PCD8544_UpdateYmin
                0x20000063                PCD8544_UpdateYmax
 *(COMMON)
 COMMON         0x20000064       0x10 ..\obj\main.o
                0x20000064                datatime
 COMMON         0x20000074       0x20 ..\obj\tm_stm32f4_rtc.o
                0x20000074                RTC_TimeStruct
                0x20000078                RTC_InitStruct
                0x20000084                RTC_DateStruct
                0x20000088                NVIC_InitStruct
                0x2000008c                EXTI_InitStruct
 COMMON         0x20000094      0x1fc ..\obj\tm_stm32f4_pcd8544.o
                0x20000094                PCD8544_y
                0x20000095                PCD8544_x
                0x20000098                PCD8544_Buffer
                0x20000290                . = ALIGN (0x4)
                0x20000290                __bss_end__ = .
                0x20000290                _ebss = __bss_end__

.heap           0x20000290        0x0
                0x20000290                __end__ = .
                0x20000290                _end = __end__
                0x20000290                end = __end__
 *(.heap*)
                0x20000290                __HeapLimit = .

.co_stack       0x20000290      0x800 load address 0x080064a8
                0x20000290                . = ALIGN (0x8)
 *(.co_stack .co_stack.*)
 .co_stack      0x20000290      0x800 ..\obj\startup_stm32f4xx.o
                0x20000290                pulStack
                0x20020000                __StackTop = (ORIGIN (ram) + LENGTH (ram))
                0x2001f800                __StackLimit = (__StackTop - SIZEOF (.co_stack))
                [!provide]                PROVIDE (__stack, __StackTop)
                0x00000001                ASSERT ((__StackLimit >= __HeapLimit), region ram  overflowed with stack)
LOAD ..\obj\stm32f4xx_syscfg.o
LOAD ..\obj\sound.o
LOAD ..\obj\stm32f4xx_pwr.o
LOAD ..\obj\stm32f4xx_dac.o
LOAD ..\obj\startup_stm32f4xx.o
LOAD ..\obj\main.o
LOAD ..\obj\stm32f4xx_rcc.o
LOAD ..\obj\display.o
LOAD ..\obj\tm_stm32f4_spi.o
LOAD ..\obj\stm32f4xx_gpio.o
LOAD ..\obj\system_stm32f4xx.o
LOAD ..\obj\syscalls.o
LOAD ..\obj\tm_stm32f4_rtc.o
LOAD ..\obj\stm32f4xx_spi.o
LOAD ..\obj\stm32f4xx_exti.o
LOAD ..\obj\config_button.o
LOAD ..\obj\misc.o
LOAD ..\obj\tm_stm32f4_gpio.o
LOAD ..\obj\stm32f4xx_rtc.o
LOAD ..\obj\stm32f4xx_tim.o
LOAD ..\obj\tm_stm32f4_pcd8544.o
LOAD c:/program files (x86)/gnu tools arm embedded/5.3 2016q1/bin/../lib/gcc/arm-none-eabi/5.3.1/../../../../arm-none-eabi/lib/armv7e-m\libm.a
LOAD c:/program files (x86)/gnu tools arm embedded/5.3 2016q1/bin/../lib/gcc/arm-none-eabi/5.3.1/armv7e-m\libgcc.a
LOAD c:/program files (x86)/gnu tools arm embedded/5.3 2016q1/bin/../lib/gcc/arm-none-eabi/5.3.1/../../../../arm-none-eabi/lib/armv7e-m\libc.a
START GROUP
LOAD c:/program files (x86)/gnu tools arm embedded/5.3 2016q1/bin/../lib/gcc/arm-none-eabi/5.3.1/armv7e-m\libgcc.a
LOAD c:/program files (x86)/gnu tools arm embedded/5.3 2016q1/bin/../lib/gcc/arm-none-eabi/5.3.1/../../../../arm-none-eabi/lib/armv7e-m\libg.a
LOAD c:/program files (x86)/gnu tools arm embedded/5.3 2016q1/bin/../lib/gcc/arm-none-eabi/5.3.1/../../../../arm-none-eabi/lib/armv7e-m\libc.a
END GROUP
OUTPUT(alarm.elf elf32-littlearm)

.debug_info     0x00000000     0xaa5a
 .debug_info    0x00000000      0x274 ..\obj\stm32f4xx_syscfg.o
 .debug_info    0x00000274      0x5ea ..\obj\sound.o
 .debug_info    0x0000085e      0x519 ..\obj\stm32f4xx_pwr.o
 .debug_info    0x00000d77      0x642 ..\obj\stm32f4xx_dac.o
 .debug_info    0x000013b9       0xf2 ..\obj\startup_stm32f4xx.o
 .debug_info    0x000014ab      0x236 ..\obj\main.o
 .debug_info    0x000016e1      0xc63 ..\obj\stm32f4xx_rcc.o
 .debug_info    0x00002344      0x43b ..\obj\display.o
 .debug_info    0x0000277f      0xa63 ..\obj\tm_stm32f4_spi.o
 .debug_info    0x000031e2      0x61a ..\obj\stm32f4xx_gpio.o
 .debug_info    0x000037fc      0x5c5 ..\obj\system_stm32f4xx.o
 .debug_info    0x00003dc1      0xde5 ..\obj\tm_stm32f4_rtc.o
 .debug_info    0x00004ba6      0xb0f ..\obj\stm32f4xx_spi.o
 .debug_info    0x000056b5      0x357 ..\obj\stm32f4xx_exti.o
 .debug_info    0x00005a0c      0xb40 ..\obj\config_button.o
 .debug_info    0x0000654c      0x556 ..\obj\misc.o
 .debug_info    0x00006aa2      0x6fc ..\obj\tm_stm32f4_gpio.o
 .debug_info    0x0000719e     0x10eb ..\obj\stm32f4xx_rtc.o
 .debug_info    0x00008289     0x1c69 ..\obj\stm32f4xx_tim.o
 .debug_info    0x00009ef2      0xb68 ..\obj\tm_stm32f4_pcd8544.o

.debug_abbrev   0x00000000     0x1d4d
 .debug_abbrev  0x00000000      0x133 ..\obj\stm32f4xx_syscfg.o
 .debug_abbrev  0x00000133      0x162 ..\obj\sound.o
 .debug_abbrev  0x00000295      0x181 ..\obj\stm32f4xx_pwr.o
 .debug_abbrev  0x00000416      0x17e ..\obj\stm32f4xx_dac.o
 .debug_abbrev  0x00000594       0xb0 ..\obj\startup_stm32f4xx.o
 .debug_abbrev  0x00000644       0xe2 ..\obj\main.o
 .debug_abbrev  0x00000726      0x1e5 ..\obj\stm32f4xx_rcc.o
 .debug_abbrev  0x0000090b      0x112 ..\obj\display.o
 .debug_abbrev  0x00000a1d      0x1bd ..\obj\tm_stm32f4_spi.o
 .debug_abbrev  0x00000bda      0x1a7 ..\obj\stm32f4xx_gpio.o
 .debug_abbrev  0x00000d81      0x138 ..\obj\system_stm32f4xx.o
 .debug_abbrev  0x00000eb9      0x22b ..\obj\tm_stm32f4_rtc.o
 .debug_abbrev  0x000010e4      0x169 ..\obj\stm32f4xx_spi.o
 .debug_abbrev  0x0000124d      0x1a9 ..\obj\stm32f4xx_exti.o
 .debug_abbrev  0x000013f6      0x1b5 ..\obj\config_button.o
 .debug_abbrev  0x000015ab      0x147 ..\obj\misc.o
 .debug_abbrev  0x000016f2      0x16d ..\obj\tm_stm32f4_gpio.o
 .debug_abbrev  0x0000185f      0x1b0 ..\obj\stm32f4xx_rtc.o
 .debug_abbrev  0x00001a0f      0x189 ..\obj\stm32f4xx_tim.o
 .debug_abbrev  0x00001b98      0x1b5 ..\obj\tm_stm32f4_pcd8544.o

.debug_aranges  0x00000000      0xd70
 .debug_aranges
                0x00000000       0x48 ..\obj\stm32f4xx_syscfg.o
 .debug_aranges
                0x00000048       0x38 ..\obj\sound.o
 .debug_aranges
                0x00000080       0x78 ..\obj\stm32f4xx_pwr.o
 .debug_aranges
                0x000000f8       0xa0 ..\obj\stm32f4xx_dac.o
 .debug_aranges
                0x00000198       0x28 ..\obj\startup_stm32f4xx.o
 .debug_aranges
                0x000001c0       0x20 ..\obj\main.o
 .debug_aranges
                0x000001e0      0x178 ..\obj\stm32f4xx_rcc.o
 .debug_aranges
                0x00000358       0x30 ..\obj\display.o
 .debug_aranges
                0x00000388       0x98 ..\obj\tm_stm32f4_spi.o
 .debug_aranges
                0x00000420       0x88 ..\obj\stm32f4xx_gpio.o
 .debug_aranges
                0x000004a8       0x30 ..\obj\system_stm32f4xx.o
 .debug_aranges
                0x000004d8       0xb0 ..\obj\tm_stm32f4_rtc.o
 .debug_aranges
                0x00000588       0xe0 ..\obj\stm32f4xx_spi.o
 .debug_aranges
                0x00000668       0x58 ..\obj\stm32f4xx_exti.o
 .debug_aranges
                0x000006c0       0x68 ..\obj\config_button.o
 .debug_aranges
                0x00000728       0x40 ..\obj\misc.o
 .debug_aranges
                0x00000768       0x70 ..\obj\tm_stm32f4_gpio.o
 .debug_aranges
                0x000007d8      0x1e0 ..\obj\stm32f4xx_rtc.o
 .debug_aranges
                0x000009b8      0x2f8 ..\obj\stm32f4xx_tim.o
 .debug_aranges
                0x00000cb0       0xc0 ..\obj\tm_stm32f4_pcd8544.o

.debug_ranges   0x00000000      0xc30
 .debug_ranges  0x00000000       0x38 ..\obj\stm32f4xx_syscfg.o
 .debug_ranges  0x00000038       0x28 ..\obj\sound.o
 .debug_ranges  0x00000060       0x68 ..\obj\stm32f4xx_pwr.o
 .debug_ranges  0x000000c8       0x90 ..\obj\stm32f4xx_dac.o
 .debug_ranges  0x00000158       0x18 ..\obj\startup_stm32f4xx.o
 .debug_ranges  0x00000170       0x10 ..\obj\main.o
 .debug_ranges  0x00000180      0x168 ..\obj\stm32f4xx_rcc.o
 .debug_ranges  0x000002e8       0x20 ..\obj\display.o
 .debug_ranges  0x00000308       0x88 ..\obj\tm_stm32f4_spi.o
 .debug_ranges  0x00000390       0x78 ..\obj\stm32f4xx_gpio.o
 .debug_ranges  0x00000408       0x20 ..\obj\system_stm32f4xx.o
 .debug_ranges  0x00000428       0xa0 ..\obj\tm_stm32f4_rtc.o
 .debug_ranges  0x000004c8       0xd0 ..\obj\stm32f4xx_spi.o
 .debug_ranges  0x00000598       0x48 ..\obj\stm32f4xx_exti.o
 .debug_ranges  0x000005e0       0x58 ..\obj\config_button.o
 .debug_ranges  0x00000638       0x30 ..\obj\misc.o
 .debug_ranges  0x00000668       0x60 ..\obj\tm_stm32f4_gpio.o
 .debug_ranges  0x000006c8      0x1d0 ..\obj\stm32f4xx_rtc.o
 .debug_ranges  0x00000898      0x2e8 ..\obj\stm32f4xx_tim.o
 .debug_ranges  0x00000b80       0xb0 ..\obj\tm_stm32f4_pcd8544.o

.debug_line     0x00000000     0x540f
 .debug_line    0x00000000      0x252 ..\obj\stm32f4xx_syscfg.o
 .debug_line    0x00000252      0x2da ..\obj\sound.o
 .debug_line    0x0000052c      0x2f1 ..\obj\stm32f4xx_pwr.o
 .debug_line    0x0000081d      0x3a6 ..\obj\stm32f4xx_dac.o
 .debug_line    0x00000bc3       0xae ..\obj\startup_stm32f4xx.o
 .debug_line    0x00000c71      0x24b ..\obj\main.o
 .debug_line    0x00000ebc      0x5f9 ..\obj\stm32f4xx_rcc.o
 .debug_line    0x000014b5      0x2aa ..\obj\display.o
 .debug_line    0x0000175f      0x4ce ..\obj\tm_stm32f4_spi.o
 .debug_line    0x00001c2d      0x3b4 ..\obj\stm32f4xx_gpio.o
 .debug_line    0x00001fe1      0x21c ..\obj\system_stm32f4xx.o
 .debug_line    0x000021fd      0x616 ..\obj\tm_stm32f4_rtc.o
 .debug_line    0x00002813      0x4ad ..\obj\stm32f4xx_spi.o
 .debug_line    0x00002cc0      0x2f5 ..\obj\stm32f4xx_exti.o
 .debug_line    0x00002fb5      0x537 ..\obj\config_button.o
 .debug_line    0x000034ec      0x292 ..\obj\misc.o
 .debug_line    0x0000377e      0x3b4 ..\obj\tm_stm32f4_gpio.o
 .debug_line    0x00003b32      0x871 ..\obj\stm32f4xx_rtc.o
 .debug_line    0x000043a3      0xb15 ..\obj\stm32f4xx_tim.o
 .debug_line    0x00004eb8      0x557 ..\obj\tm_stm32f4_pcd8544.o

.debug_str      0x00000000     0x43ab
 .debug_str     0x00000000      0x2a3 ..\obj\stm32f4xx_syscfg.o
                                0x301 (size before relaxing)
 .debug_str     0x000002a3      0x380 ..\obj\sound.o
                                0x576 (size before relaxing)
 .debug_str     0x00000623      0x1ef ..\obj\stm32f4xx_pwr.o
                                0x39e (size before relaxing)
 .debug_str     0x00000812      0x247 ..\obj\stm32f4xx_dac.o
                                0x460 (size before relaxing)
 .debug_str     0x00000a59       0xbd ..\obj\startup_stm32f4xx.o
                                0x154 (size before relaxing)
 .debug_str     0x00000b16      0x184 ..\obj\main.o
                                0x31c (size before relaxing)
 .debug_str     0x00000c9a      0x642 ..\obj\stm32f4xx_rcc.o
                                0x85d (size before relaxing)
 .debug_str     0x000012dc      0x141 ..\obj\display.o
                                0x322 (size before relaxing)
 .debug_str     0x0000141d      0x3d4 ..\obj\tm_stm32f4_spi.o
                                0x6fa (size before relaxing)
 .debug_str     0x000017f1      0x18f ..\obj\stm32f4xx_gpio.o
                                0x4b0 (size before relaxing)
 .debug_str     0x00001980       0xc5 ..\obj\system_stm32f4xx.o
                                0x3b7 (size before relaxing)
 .debug_str     0x00001a45      0xbd0 ..\obj\tm_stm32f4_rtc.o
                                0xeda (size before relaxing)
 .debug_str     0x00002615      0x2ed ..\obj\stm32f4xx_spi.o
                                0x697 (size before relaxing)
 .debug_str     0x00002902       0xe0 ..\obj\stm32f4xx_exti.o
                                0x366 (size before relaxing)
 .debug_str     0x000029e2      0x16c ..\obj\config_button.o
                                0xd77 (size before relaxing)
 .debug_str     0x00002b4e      0x15e ..\obj\misc.o
                                0x3db (size before relaxing)
 .debug_str     0x00002cac      0x1cf ..\obj\tm_stm32f4_gpio.o
                                0x555 (size before relaxing)
 .debug_str     0x00002e7b      0x702 ..\obj\stm32f4xx_rtc.o
                                0xb55 (size before relaxing)
 .debug_str     0x0000357d      0xa93 ..\obj\stm32f4xx_tim.o
                                0xddd (size before relaxing)
 .debug_str     0x00004010      0x39b ..\obj\tm_stm32f4_pcd8544.o
                                0x7dd (size before relaxing)

.comment        0x00000000       0x6e
 .comment       0x00000000       0x6e ..\obj\stm32f4xx_syscfg.o
                                 0x6f (size before relaxing)
 .comment       0x0000006e       0x6f ..\obj\sound.o
 .comment       0x0000006e       0x6f ..\obj\stm32f4xx_pwr.o
 .comment       0x0000006e       0x6f ..\obj\stm32f4xx_dac.o
 .comment       0x0000006e       0x6f ..\obj\startup_stm32f4xx.o
 .comment       0x0000006e       0x6f ..\obj\main.o
 .comment       0x0000006e       0x6f ..\obj\stm32f4xx_rcc.o
 .comment       0x0000006e       0x6f ..\obj\display.o
 .comment       0x0000006e       0x6f ..\obj\tm_stm32f4_spi.o
 .comment       0x0000006e       0x6f ..\obj\stm32f4xx_gpio.o
 .comment       0x0000006e       0x6f ..\obj\system_stm32f4xx.o
 .comment       0x0000006e       0x6f ..\obj\tm_stm32f4_rtc.o
 .comment       0x0000006e       0x6f ..\obj\stm32f4xx_spi.o
 .comment       0x0000006e       0x6f ..\obj\stm32f4xx_exti.o
 .comment       0x0000006e       0x6f ..\obj\config_button.o
 .comment       0x0000006e       0x6f ..\obj\misc.o
 .comment       0x0000006e       0x6f ..\obj\tm_stm32f4_gpio.o
 .comment       0x0000006e       0x6f ..\obj\stm32f4xx_rtc.o
 .comment       0x0000006e       0x6f ..\obj\stm32f4xx_tim.o
 .comment       0x0000006e       0x6f ..\obj\tm_stm32f4_pcd8544.o

.ARM.attributes
                0x00000000       0x33
 .ARM.attributes
                0x00000000       0x33 ..\obj\stm32f4xx_syscfg.o
 .ARM.attributes
                0x00000033       0x33 ..\obj\sound.o
 .ARM.attributes
                0x00000066       0x33 ..\obj\stm32f4xx_pwr.o
 .ARM.attributes
                0x00000099       0x33 ..\obj\stm32f4xx_dac.o
 .ARM.attributes
                0x000000cc       0x33 ..\obj\startup_stm32f4xx.o
 .ARM.attributes
                0x000000ff       0x33 ..\obj\main.o
 .ARM.attributes
                0x00000132       0x33 ..\obj\stm32f4xx_rcc.o
 .ARM.attributes
                0x00000165       0x33 ..\obj\display.o
 .ARM.attributes
                0x00000198       0x33 ..\obj\tm_stm32f4_spi.o
 .ARM.attributes
                0x000001cb       0x33 ..\obj\stm32f4xx_gpio.o
 .ARM.attributes
                0x000001fe       0x33 ..\obj\system_stm32f4xx.o
 .ARM.attributes
                0x00000231       0x33 ..\obj\tm_stm32f4_rtc.o
 .ARM.attributes
                0x00000264       0x33 ..\obj\stm32f4xx_spi.o
 .ARM.attributes
                0x00000297       0x33 ..\obj\stm32f4xx_exti.o
 .ARM.attributes
                0x000002ca       0x33 ..\obj\config_button.o
 .ARM.attributes
                0x000002fd       0x33 ..\obj\misc.o
 .ARM.attributes
                0x00000330       0x33 ..\obj\tm_stm32f4_gpio.o
 .ARM.attributes
                0x00000363       0x33 ..\obj\stm32f4xx_rtc.o
 .ARM.attributes
                0x00000396       0x33 ..\obj\stm32f4xx_tim.o
 .ARM.attributes
                0x000003c9       0x33 ..\obj\tm_stm32f4_pcd8544.o
 .ARM.attributes
                0x000003fc       0x2e c:/program files (x86)/gnu tools arm embedded/5.3 2016q1/bin/../lib/gcc/arm-none-eabi/5.3.1/../../../../arm-none-eabi/lib/armv7e-m\libm.a(lib_a-s_sin.o)
 .ARM.attributes
                0x0000042a       0x2e c:/program files (x86)/gnu tools arm embedded/5.3 2016q1/bin/../lib/gcc/arm-none-eabi/5.3.1/../../../../arm-none-eabi/lib/armv7e-m\libm.a(lib_a-e_rem_pio2.o)
 .ARM.attributes
                0x00000458       0x2e c:/program files (x86)/gnu tools arm embedded/5.3 2016q1/bin/../lib/gcc/arm-none-eabi/5.3.1/../../../../arm-none-eabi/lib/armv7e-m\libm.a(lib_a-k_cos.o)
 .ARM.attributes
                0x00000486       0x2e c:/program files (x86)/gnu tools arm embedded/5.3 2016q1/bin/../lib/gcc/arm-none-eabi/5.3.1/../../../../arm-none-eabi/lib/armv7e-m\libm.a(lib_a-k_rem_pio2.o)
 .ARM.attributes
                0x000004b4       0x2e c:/program files (x86)/gnu tools arm embedded/5.3 2016q1/bin/../lib/gcc/arm-none-eabi/5.3.1/../../../../arm-none-eabi/lib/armv7e-m\libm.a(lib_a-k_sin.o)
 .ARM.attributes
                0x000004e2       0x2e c:/program files (x86)/gnu tools arm embedded/5.3 2016q1/bin/../lib/gcc/arm-none-eabi/5.3.1/../../../../arm-none-eabi/lib/armv7e-m\libm.a(lib_a-s_fabs.o)
 .ARM.attributes
                0x00000510       0x2e c:/program files (x86)/gnu tools arm embedded/5.3 2016q1/bin/../lib/gcc/arm-none-eabi/5.3.1/../../../../arm-none-eabi/lib/armv7e-m\libm.a(lib_a-s_floor.o)
 .ARM.attributes
                0x0000053e       0x2e c:/program files (x86)/gnu tools arm embedded/5.3 2016q1/bin/../lib/gcc/arm-none-eabi/5.3.1/../../../../arm-none-eabi/lib/armv7e-m\libm.a(lib_a-s_scalbn.o)
 .ARM.attributes
                0x0000056c       0x2e c:/program files (x86)/gnu tools arm embedded/5.3 2016q1/bin/../lib/gcc/arm-none-eabi/5.3.1/../../../../arm-none-eabi/lib/armv7e-m\libm.a(lib_a-s_copysign.o)
 .ARM.attributes
                0x0000059a       0x1e c:/program files (x86)/gnu tools arm embedded/5.3 2016q1/bin/../lib/gcc/arm-none-eabi/5.3.1/armv7e-m\libgcc.a(_arm_addsubdf3.o)
 .ARM.attributes
                0x000005b8       0x1e c:/program files (x86)/gnu tools arm embedded/5.3 2016q1/bin/../lib/gcc/arm-none-eabi/5.3.1/armv7e-m\libgcc.a(_arm_muldivdf3.o)
 .ARM.attributes
                0x000005d6       0x1e c:/program files (x86)/gnu tools arm embedded/5.3 2016q1/bin/../lib/gcc/arm-none-eabi/5.3.1/armv7e-m\libgcc.a(_arm_cmpdf2.o)
 .ARM.attributes
                0x000005f4       0x1e c:/program files (x86)/gnu tools arm embedded/5.3 2016q1/bin/../lib/gcc/arm-none-eabi/5.3.1/armv7e-m\libgcc.a(_arm_fixdfsi.o)
 .ARM.attributes
                0x00000612       0x1e c:/program files (x86)/gnu tools arm embedded/5.3 2016q1/bin/../lib/gcc/arm-none-eabi/5.3.1/armv7e-m\libgcc.a(_arm_fixunsdfsi.o)
 .ARM.attributes
                0x00000630       0x1e c:/program files (x86)/gnu tools arm embedded/5.3 2016q1/bin/../lib/gcc/arm-none-eabi/5.3.1/armv7e-m\libgcc.a(_arm_addsubsf3.o)
 .ARM.attributes
                0x0000064e       0x1e c:/program files (x86)/gnu tools arm embedded/5.3 2016q1/bin/../lib/gcc/arm-none-eabi/5.3.1/armv7e-m\libgcc.a(_arm_cmpsf2.o)
 .ARM.attributes
                0x0000066c       0x2e c:/program files (x86)/gnu tools arm embedded/5.3 2016q1/bin/../lib/gcc/arm-none-eabi/5.3.1/../../../../arm-none-eabi/lib/armv7e-m\libc.a(lib_a-itoa.o)
 .ARM.attributes
                0x0000069a       0x2e c:/program files (x86)/gnu tools arm embedded/5.3 2016q1/bin/../lib/gcc/arm-none-eabi/5.3.1/../../../../arm-none-eabi/lib/armv7e-m\libc.a(lib_a-utoa.o)

.debug_frame    0x00000000     0x3bb4
 .debug_frame   0x00000000       0xf4 ..\obj\stm32f4xx_syscfg.o
 .debug_frame   0x000000f4       0xa0 ..\obj\sound.o
 .debug_frame   0x00000194      0x1dc ..\obj\stm32f4xx_pwr.o
 .debug_frame   0x00000370      0x2ac ..\obj\stm32f4xx_dac.o
 .debug_frame   0x0000061c       0x4c ..\obj\startup_stm32f4xx.o
 .debug_frame   0x00000668       0x2c ..\obj\main.o
 .debug_frame   0x00000694      0x6d4 ..\obj\stm32f4xx_rcc.o
 .debug_frame   0x00000d68       0x80 ..\obj\display.o
 .debug_frame   0x00000de8      0x270 ..\obj\tm_stm32f4_spi.o
 .debug_frame   0x00001058      0x23c ..\obj\stm32f4xx_gpio.o
 .debug_frame   0x00001294       0x7c ..\obj\system_stm32f4xx.o
 .debug_frame   0x00001310      0x2c4 ..\obj\tm_stm32f4_rtc.o
 .debug_frame   0x000015d4      0x3f4 ..\obj\stm32f4xx_spi.o
 .debug_frame   0x000019c8      0x148 ..\obj\stm32f4xx_exti.o
 .debug_frame   0x00001b10      0x158 ..\obj\config_button.o
 .debug_frame   0x00001c68       0xd8 ..\obj\misc.o
 .debug_frame   0x00001d40      0x1c4 ..\obj\tm_stm32f4_gpio.o
 .debug_frame   0x00001f04      0x8b0 ..\obj\stm32f4xx_rtc.o
 .debug_frame   0x000027b4      0xe54 ..\obj\stm32f4xx_tim.o
 .debug_frame   0x00003608      0x31c ..\obj\tm_stm32f4_pcd8544.o
 .debug_frame   0x00003924       0x38 c:/program files (x86)/gnu tools arm embedded/5.3 2016q1/bin/../lib/gcc/arm-none-eabi/5.3.1/../../../../arm-none-eabi/lib/armv7e-m\libm.a(lib_a-s_sin.o)
 .debug_frame   0x0000395c       0x48 c:/program files (x86)/gnu tools arm embedded/5.3 2016q1/bin/../lib/gcc/arm-none-eabi/5.3.1/../../../../arm-none-eabi/lib/armv7e-m\libm.a(lib_a-e_rem_pio2.o)
 .debug_frame   0x000039a4       0x4c c:/program files (x86)/gnu tools arm embedded/5.3 2016q1/bin/../lib/gcc/arm-none-eabi/5.3.1/../../../../arm-none-eabi/lib/armv7e-m\libm.a(lib_a-k_cos.o)
 .debug_frame   0x000039f0       0x50 c:/program files (x86)/gnu tools arm embedded/5.3 2016q1/bin/../lib/gcc/arm-none-eabi/5.3.1/../../../../arm-none-eabi/lib/armv7e-m\libm.a(lib_a-k_rem_pio2.o)
 .debug_frame   0x00003a40       0x48 c:/program files (x86)/gnu tools arm embedded/5.3 2016q1/bin/../lib/gcc/arm-none-eabi/5.3.1/../../../../arm-none-eabi/lib/armv7e-m\libm.a(lib_a-k_sin.o)
 .debug_frame   0x00003a88       0x20 c:/program files (x86)/gnu tools arm embedded/5.3 2016q1/bin/../lib/gcc/arm-none-eabi/5.3.1/../../../../arm-none-eabi/lib/armv7e-m\libm.a(lib_a-s_fabs.o)
 .debug_frame   0x00003aa8       0x34 c:/program files (x86)/gnu tools arm embedded/5.3 2016q1/bin/../lib/gcc/arm-none-eabi/5.3.1/../../../../arm-none-eabi/lib/armv7e-m\libm.a(lib_a-s_floor.o)
 .debug_frame   0x00003adc       0x30 c:/program files (x86)/gnu tools arm embedded/5.3 2016q1/bin/../lib/gcc/arm-none-eabi/5.3.1/../../../../arm-none-eabi/lib/armv7e-m\libm.a(lib_a-s_scalbn.o)
 .debug_frame   0x00003b0c       0x20 c:/program files (x86)/gnu tools arm embedded/5.3 2016q1/bin/../lib/gcc/arm-none-eabi/5.3.1/../../../../arm-none-eabi/lib/armv7e-m\libm.a(lib_a-s_copysign.o)
 .debug_frame   0x00003b2c       0x3c c:/program files (x86)/gnu tools arm embedded/5.3 2016q1/bin/../lib/gcc/arm-none-eabi/5.3.1/../../../../arm-none-eabi/lib/armv7e-m\libc.a(lib_a-itoa.o)
 .debug_frame   0x00003b68       0x4c c:/program files (x86)/gnu tools arm embedded/5.3 2016q1/bin/../lib/gcc/arm-none-eabi/5.3.1/../../../../arm-none-eabi/lib/armv7e-m\libc.a(lib_a-utoa.o)
